#
# There is insufficient memory for the Java Runtime Environment to continue.
# Native memory allocation (malloc) failed to allocate 17954584 bytes. Error detail: Chunk::new
# Possible reasons:
#   The system is out of physical RAM or swap space
#   This process is running with CompressedOops enabled, and the Java Heap may be blocking the growth of the native heap
# Possible solutions:
#   Reduce memory load on the system
#   Increase physical memory or swap space
#   Check if swap backing store is full
#   Decrease Java heap size (-Xmx/-Xms)
#   Decrease number of Java threads
#   Decrease Java thread stack sizes (-Xss)
#   Set larger code cache with -XX:ReservedCodeCacheSize=
#   JVM is running with Unscaled Compressed Oops mode in which the Java heap is
#     placed in the first 4GB address space. The Java Heap base address is the
#     maximum limit for the native heap growth. Please use -XX:HeapBaseMinAddress
#     to set the Java Heap base and to place the Java Heap above 4GB virtual address.
# This output file may be truncated or incomplete.
#
#  Out of Memory Error (arena.cpp:186), pid=26092, tid=16560
#
# JRE version: Java(TM) SE Runtime Environment (25.0.2+10) (build 25.0.2+10-LTS-69)
# Java VM: Java HotSpot(TM) 64-Bit Server VM (25.0.2+10-LTS-69, mixed mode, sharing, tiered, compressed oops, compressed class ptrs, g1 gc, windows-amd64)
# No core dump will be written. Minidumps are not enabled by default on client versions of Windows
#

---------------  S U M M A R Y ------------

Command Line: -javaagent:C:\Program Files\JetBrains\IntelliJ IDEA Community Edition 2025.2.6.1\lib\idea_rt.jar=64315 -Dfile.encoding=UTF-8 -Dsun.stdout.encoding=UTF-8 -Dsun.stderr.encoding=UTF-8 com.tugas.deploy.DeployApplication

Host: AMD Ryzen 5 5625U with Radeon Graphics         , 12 cores, 5G,  Windows 11 , 64 bit Build 26100 (10.0.26100.7920)
Time: Mon Apr 13 14:57:41 2026 SE Asia Standard Time elapsed time: 6.106205 seconds (0d 0h 0m 6s)

---------------  T H R E A D  ---------------

Current thread (0x0000016ffe72bff0):  JavaThread "C2 CompilerThread0" daemon [_thread_in_native, id=16560, stack(0x00000063e8300000,0x00000063e8400000) (1024K)]


Current CompileTask:
C2:6106 3723       4       java.lang.invoke.MethodType::makeImpl (109 bytes)

Stack: [0x00000063e8300000,0x00000063e8400000]
Native frames: (J=compiled Java code, j=interpreted, Vv=VM code, C=native code)
V  [jvm.dll+0x7a70f9]  (no source info available)
V  [jvm.dll+0x772d6d]  (no source info available)
V  [jvm.dll+0x965d53]  (no source info available)
V  [jvm.dll+0x968351]  (no source info available)
V  [jvm.dll+0x968a63]  (no source info available)
V  [jvm.dll+0x2fc846]  (no source info available)
V  [jvm.dll+0x111b16]  (no source info available)
V  [jvm.dll+0x111e3e]  (no source info available)
V  [jvm.dll+0x1a0872]  (no source info available)
V  [jvm.dll+0x3b54c2]  (no source info available)
V  [jvm.dll+0x7aca8f]  (no source info available)
V  [jvm.dll+0x2c0b97]  (no source info available)
V  [jvm.dll+0x2bfb5f]  (no source info available)
V  [jvm.dll+0x2379a0]  (no source info available)
V  [jvm.dll+0x2cfc86]  (no source info available)
V  [jvm.dll+0x2cdf05]  (no source info available)
V  [jvm.dll+0x48e9d1]  (no source info available)
V  [jvm.dll+0x906fcd]  (no source info available)
V  [jvm.dll+0x7a56d5]  (no source info available)
C  [ucrtbase.dll+0x37b0]  (no source info available)
C  [KERNEL32.DLL+0x2e8d7]  (no source info available)
C  [ntdll.dll+0x8c48c]  (no source info available)

Lock stack of current Java thread (top to bottom):


---------------  P R O C E S S  ---------------

Threads class SMR info:
_java_thread_list=0x0000016fff365f80, length=17, elements={
0x0000016feeb49360, 0x0000016ffe718b50, 0x0000016ffe719310, 0x0000016ffe71c0d0,
0x0000016ffe71cbe0, 0x0000016ffe71f3b0, 0x0000016ffe71fca0, 0x0000016ffe72bff0,
0x0000016ffe74e950, 0x0000016ffe963340, 0x0000016ffea300b0, 0x0000016ffe8722e0,
0x0000016f9503eb80, 0x0000016f949bf3e0, 0x0000016f93c7b9a0, 0x0000016ffeba6700,
0x0000016ffeba7720
}

Java Threads: ( => current thread )
  0x0000016feeb49360 JavaThread "main"                              [_thread_in_Java, id=30740, stack(0x00000063e7500000,0x00000063e7600000) (1024K)]
  0x0000016ffe718b50 JavaThread "Reference Handler"          daemon [_thread_blocked, id=11612, stack(0x00000063e7d00000,0x00000063e7e00000) (1024K)]
  0x0000016ffe719310 JavaThread "Finalizer"                  daemon [_thread_blocked, id=21876, stack(0x00000063e7e00000,0x00000063e7f00000) (1024K)]
  0x0000016ffe71c0d0 JavaThread "Signal Dispatcher"          daemon [_thread_blocked, id=2512, stack(0x00000063e7f00000,0x00000063e8000000) (1024K)]
  0x0000016ffe71cbe0 JavaThread "Attach Listener"            daemon [_thread_blocked, id=23300, stack(0x00000063e8000000,0x00000063e8100000) (1024K)]
  0x0000016ffe71f3b0 JavaThread "Service Thread"             daemon [_thread_blocked, id=4032, stack(0x00000063e8100000,0x00000063e8200000) (1024K)]
  0x0000016ffe71fca0 JavaThread "Monitor Deflation Thread"   daemon [_thread_blocked, id=19292, stack(0x00000063e8200000,0x00000063e8300000) (1024K)]
=>0x0000016ffe72bff0 JavaThread "C2 CompilerThread0"         daemon [_thread_in_native, id=16560, stack(0x00000063e8300000,0x00000063e8400000) (1024K)]
  0x0000016ffe74e950 JavaThread "C1 CompilerThread0"         daemon [_thread_in_vm, id=18512, stack(0x00000063e8400000,0x00000063e8500000) (1024K)]
  0x0000016ffe963340 JavaThread "Common-Cleaner"             daemon [_thread_blocked, id=10580, stack(0x00000063e8500000,0x00000063e8600000) (1024K)]
  0x0000016ffea300b0 JavaThread "Monitor Ctrl-Break"         daemon [_thread_in_native, id=34052, stack(0x00000063e8700000,0x00000063e8800000) (1024K)]
  0x0000016ffe8722e0 JavaThread "Notification Thread"        daemon [_thread_blocked, id=23132, stack(0x00000063e8800000,0x00000063e8900000) (1024K)]
  0x0000016f9503eb80 JavaThread "Catalina-utility-1"                [_thread_blocked, id=33384, stack(0x00000063e8600000,0x00000063e8700000) (1024K)]
  0x0000016f949bf3e0 JavaThread "Catalina-utility-2"                [_thread_blocked, id=15268, stack(0x00000063e9400000,0x00000063e9500000) (1024K)]
  0x0000016f93c7b9a0 JavaThread "container-0"                       [_thread_blocked, id=22772, stack(0x00000063e9500000,0x00000063e9600000) (1024K)]
  0x0000016ffeba6700 JavaThread "C2 CompilerThread1"         daemon [_thread_in_native, id=17164, stack(0x00000063e9600000,0x00000063e9700000) (1024K)]
  0x0000016ffeba7720 JavaThread "C2 CompilerThread2"         daemon [_thread_in_native, id=24100, stack(0x00000063e9700000,0x00000063e9800000) (1024K)]
Total: 17

Other Threads:
  0x0000016ffe706230 VMThread "VM Thread"                           [id=7984, stack(0x00000063e7c00000,0x00000063e7d00000) (1024K)]
  0x0000016ffe6f8430 WatcherThread "VM Periodic Task Thread"        [id=14120, stack(0x00000063e7b00000,0x00000063e7c00000) (1024K)]
  0x0000016ff0f0f0a0 WorkerThread "GC Thread#0"                     [id=15824, stack(0x00000063e7600000,0x00000063e7700000) (1024K)]
  0x0000016ffe86c2f0 WorkerThread "GC Thread#1"                     [id=26144, stack(0x00000063e8a00000,0x00000063e8b00000) (1024K)]
  0x0000016ffe86a4c0 WorkerThread "GC Thread#2"                     [id=32844, stack(0x00000063e8b00000,0x00000063e8c00000) (1024K)]
  0x0000016f9344b710 WorkerThread "GC Thread#3"                     [id=8032, stack(0x00000063e8c00000,0x00000063e8d00000) (1024K)]
  0x0000016f9344bb60 WorkerThread "GC Thread#4"                     [id=16592, stack(0x00000063e8d00000,0x00000063e8e00000) (1024K)]
  0x0000016f9344bfb0 WorkerThread "GC Thread#5"                     [id=31604, stack(0x00000063e8e00000,0x00000063e8f00000) (1024K)]
  0x0000016f934498e0 WorkerThread "GC Thread#6"                     [id=15348, stack(0x00000063e8f00000,0x00000063e9000000) (1024K)]
  0x0000016f9344fc10 WorkerThread "GC Thread#7"                     [id=20028, stack(0x00000063e8900000,0x00000063e8a00000) (1024K)]
  0x0000016f93450060 WorkerThread "GC Thread#8"                     [id=10892, stack(0x00000063e9000000,0x00000063e9100000) (1024K)]
  0x0000016ffe869c20 WorkerThread "GC Thread#9"                     [id=21328, stack(0x00000063e9100000,0x00000063e9200000) (1024K)]
  0x0000016ff0f21af0 ConcurrentGCThread "G1 Main Marker"            [id=33764, stack(0x00000063e7700000,0x00000063e7800000) (1024K)]
  0x0000016ff0f23cf0 WorkerThread "G1 Conc#0"                       [id=37344, stack(0x00000063e7800000,0x00000063e7900000) (1024K)]
  0x0000016f94d7fd90 WorkerThread "G1 Conc#1"                       [id=35256, stack(0x00000063e9200000,0x00000063e9300000) (1024K)]
  0x0000016f94d7f4f0 WorkerThread "G1 Conc#2"                       [id=11888, stack(0x00000063e9300000,0x00000063e9400000) (1024K)]
  0x0000016ffe5c60c0 ConcurrentGCThread "G1 Refine#0"               [id=24796, stack(0x00000063e7900000,0x00000063e7a00000) (1024K)]
  0x0000016ffe5c95a0 ConcurrentGCThread "G1 Service"                [id=24856, stack(0x00000063e7a00000,0x00000063e7b00000) (1024K)]
Total: 18

Threads with active compile tasks:
C2 CompilerThread0  8663 3723       4       java.lang.invoke.MethodType::makeImpl (109 bytes)
C2 CompilerThread1  8663 3845       4       org.springframework.beans.factory.support.AbstractBeanFactory::isTypeMatch (776 bytes)
C2 CompilerThread2  8663 3851       4       org.springframework.beans.factory.support.AbstractBeanFactory::transformedBeanName (9 bytes)
Total: 3

VM state: not at safepoint (normal execution)

VM Mutex/Monitor currently owned by a thread: None

Heap address: 0x00000000a2600000, size: 1498 MB, Compressed Oops mode: 32-bit

CDS archive(s) mapped at: [0x0000000022000000-0x0000000022dd0000-0x0000000022dd0000), size 14483456, SharedBaseAddress: 0x0000000022000000, ArchiveRelocationMode: 1.
Compressed class space mapped at: 0x0000000023000000-0x0000000063000000, reserved size: 1073741824
UseCompressedClassPointers 1, UseCompactObjectHeaders 0
Narrow klass pointer bits 32, Max shift 3
Narrow klass base: 0x0000000022000000, Narrow klass shift: 0
Encoding Range: [0x0000000022000000 - 0x0000000122000000), (4294967296 bytes)
Klass Range:    [0x0000000022010000 - 0x0000000063000000), (1090453504 bytes)
Klass ID Range:  [65536 - 1090519033) (1090453497)
Protection zone: [0x0000000022000000 - 0x0000000022010000), (65536 bytes)

GC Precious Log:
 CardTable entry size: 512
 Card Set container configuration: InlinePtr #cards 5 size 8 Array Of Cards #cards 10 size 36 Howl #buckets 4 coarsen threshold 1843 Howl Bitmap #cards 512 size 80 coarsen threshold 460 Card regions per heap region 1 cards per card region 2048
 CPUs: 12 total, 12 available
 Memory: 5987M
 Large Page Support: Disabled
 NUMA Support: Disabled
 Compressed Oops: Enabled (32-bit)
 Heap Region Size: 1M
 Heap Min Capacity: 8M
 Heap Initial Capacity: 94M
 Heap Max Capacity: 1498M
 Pre-touch: Disabled
 Parallel Workers: 10
 Concurrent Workers: 3
 Concurrent Refinement Workers: 10
 Periodic GC: Disabled

Heap:
 garbage-first heap   total reserved 1533952K, committed 45056K, used 35610K [0x00000000a2600000, 0x0000000100000000)
  region size 1024K, 29 young (29696K), 5 survivors (5120K)

Heap Regions: E=young(eden), S=young(survivor), O=old, HS=humongous(starts), HC=humongous(continues), CS=collection set, F=free, TAMS=top-at-mark-start, PB=parsable bottom
|   0|0x00000000a2600000, 0x00000000a2700000, 0x00000000a2700000|100%| O|  |TAMS 0x00000000a2600000| PB 0x00000000a2600000| Untracked |  0
|   1|0x00000000a2700000, 0x00000000a2800000, 0x00000000a2800000|100%| O|  |TAMS 0x00000000a2700000| PB 0x00000000a2700000| Untracked |  0
|   2|0x00000000a2800000, 0x00000000a2900000, 0x00000000a2900000|100%| O|  |TAMS 0x00000000a2800000| PB 0x00000000a2800000| Untracked |  0
|   3|0x00000000a2900000, 0x00000000a2a00000, 0x00000000a2a00000|100%| O|  |TAMS 0x00000000a2900000| PB 0x00000000a2900000| Untracked |  0
|   4|0x00000000a2a00000, 0x00000000a2b00000, 0x00000000a2b00000|100%| O|  |TAMS 0x00000000a2a00000| PB 0x00000000a2a00000| Untracked |  0
|   5|0x00000000a2b00000, 0x00000000a2ba1400, 0x00000000a2c00000| 62%| O|  |TAMS 0x00000000a2b00000| PB 0x00000000a2b00000| Untracked |  0
|   6|0x00000000a2c00000, 0x00000000a2c00000, 0x00000000a2d00000|  0%| F|  |TAMS 0x00000000a2c00000| PB 0x00000000a2c00000| Untracked |  0
|   7|0x00000000a2d00000, 0x00000000a2d00000, 0x00000000a2e00000|  0%| F|  |TAMS 0x00000000a2d00000| PB 0x00000000a2d00000| Untracked |  0
|   8|0x00000000a2e00000, 0x00000000a2e00000, 0x00000000a2f00000|  0%| F|  |TAMS 0x00000000a2e00000| PB 0x00000000a2e00000| Untracked |  0
|   9|0x00000000a2f00000, 0x00000000a2f00000, 0x00000000a3000000|  0%| F|  |TAMS 0x00000000a2f00000| PB 0x00000000a2f00000| Untracked |  0
|  10|0x00000000a3000000, 0x00000000a3000000, 0x00000000a3100000|  0%| F|  |TAMS 0x00000000a3000000| PB 0x00000000a3000000| Untracked |  0
|  11|0x00000000a3100000, 0x00000000a3100000, 0x00000000a3200000|  0%| F|  |TAMS 0x00000000a3100000| PB 0x00000000a3100000| Untracked |  0
|  12|0x00000000a3200000, 0x00000000a3200000, 0x00000000a3300000|  0%| F|  |TAMS 0x00000000a3200000| PB 0x00000000a3200000| Untracked |  0
|  13|0x00000000a3300000, 0x00000000a3400000, 0x00000000a3400000|100%| E|  |TAMS 0x00000000a3300000| PB 0x00000000a3300000| Complete |  0
|  14|0x00000000a3400000, 0x00000000a3500000, 0x00000000a3500000|100%| E|CS|TAMS 0x00000000a3400000| PB 0x00000000a3400000| Complete |  0
|  15|0x00000000a3500000, 0x00000000a3600000, 0x00000000a3600000|100%| E|CS|TAMS 0x00000000a3500000| PB 0x00000000a3500000| Complete |  0
|  16|0x00000000a3600000, 0x00000000a3700000, 0x00000000a3700000|100%| E|CS|TAMS 0x00000000a3600000| PB 0x00000000a3600000| Complete |  0
|  17|0x00000000a3700000, 0x00000000a3800000, 0x00000000a3800000|100%| E|CS|TAMS 0x00000000a3700000| PB 0x00000000a3700000| Complete |  0
|  18|0x00000000a3800000, 0x00000000a3900000, 0x00000000a3900000|100%| E|CS|TAMS 0x00000000a3800000| PB 0x00000000a3800000| Complete |  0
|  19|0x00000000a3900000, 0x00000000a3a00000, 0x00000000a3a00000|100%| E|CS|TAMS 0x00000000a3900000| PB 0x00000000a3900000| Complete |  0
|  20|0x00000000a3a00000, 0x00000000a3b00000, 0x00000000a3b00000|100%| E|CS|TAMS 0x00000000a3a00000| PB 0x00000000a3a00000| Complete |  0
|  21|0x00000000a3b00000, 0x00000000a3c00000, 0x00000000a3c00000|100%| E|CS|TAMS 0x00000000a3b00000| PB 0x00000000a3b00000| Complete |  0
|  22|0x00000000a3c00000, 0x00000000a3d00000, 0x00000000a3d00000|100%| E|CS|TAMS 0x00000000a3c00000| PB 0x00000000a3c00000| Complete |  0
|  23|0x00000000a3d00000, 0x00000000a3e00000, 0x00000000a3e00000|100%| E|CS|TAMS 0x00000000a3d00000| PB 0x00000000a3d00000| Complete |  0
|  24|0x00000000a3e00000, 0x00000000a3f00000, 0x00000000a3f00000|100%| E|CS|TAMS 0x00000000a3e00000| PB 0x00000000a3e00000| Complete |  0
|  25|0x00000000a3f00000, 0x00000000a4000000, 0x00000000a4000000|100%| E|CS|TAMS 0x00000000a3f00000| PB 0x00000000a3f00000| Complete |  0
|  26|0x00000000a4000000, 0x00000000a4100000, 0x00000000a4100000|100%| E|CS|TAMS 0x00000000a4000000| PB 0x00000000a4000000| Complete |  0
|  27|0x00000000a4100000, 0x00000000a4200000, 0x00000000a4200000|100%| E|CS|TAMS 0x00000000a4100000| PB 0x00000000a4100000| Complete |  0
|  28|0x00000000a4200000, 0x00000000a4300000, 0x00000000a4300000|100%| E|CS|TAMS 0x00000000a4200000| PB 0x00000000a4200000| Complete |  0
|  29|0x00000000a4300000, 0x00000000a4400000, 0x00000000a4400000|100%| E|CS|TAMS 0x00000000a4300000| PB 0x00000000a4300000| Complete |  0
|  30|0x00000000a4400000, 0x00000000a4500000, 0x00000000a4500000|100%| E|CS|TAMS 0x00000000a4400000| PB 0x00000000a4400000| Complete |  0
|  31|0x00000000a4500000, 0x00000000a4600000, 0x00000000a4600000|100%| E|CS|TAMS 0x00000000a4500000| PB 0x00000000a4500000| Complete |  0
|  32|0x00000000a4600000, 0x00000000a4700000, 0x00000000a4700000|100%| E|CS|TAMS 0x00000000a4600000| PB 0x00000000a4600000| Complete |  0
|  33|0x00000000a4700000, 0x00000000a4800000, 0x00000000a4800000|100%| E|CS|TAMS 0x00000000a4700000| PB 0x00000000a4700000| Complete |  0
|  34|0x00000000a4800000, 0x00000000a4900000, 0x00000000a4900000|100%| E|CS|TAMS 0x00000000a4800000| PB 0x00000000a4800000| Complete |  0
|  35|0x00000000a4900000, 0x00000000a4a00000, 0x00000000a4a00000|100%| E|CS|TAMS 0x00000000a4900000| PB 0x00000000a4900000| Complete |  0
|  49|0x00000000a5700000, 0x00000000a5800000, 0x00000000a5800000|100%| S|CS|TAMS 0x00000000a5700000| PB 0x00000000a5700000| Complete |  0
|  50|0x00000000a5800000, 0x00000000a5900000, 0x00000000a5900000|100%| S|CS|TAMS 0x00000000a5800000| PB 0x00000000a5800000| Complete |  0
|  51|0x00000000a5900000, 0x00000000a5a00000, 0x00000000a5a00000|100%| S|CS|TAMS 0x00000000a5900000| PB 0x00000000a5900000| Complete |  0
|  52|0x00000000a5a00000, 0x00000000a5b00000, 0x00000000a5b00000|100%| S|CS|TAMS 0x00000000a5a00000| PB 0x00000000a5a00000| Complete |  0
|  53|0x00000000a5b00000, 0x00000000a5c00000, 0x00000000a5c00000|100%| S|CS|TAMS 0x00000000a5b00000| PB 0x00000000a5b00000| Complete |  0
|  93|0x00000000a8300000, 0x00000000a8400000, 0x00000000a8400000|100%| E|CS|TAMS 0x00000000a8300000| PB 0x00000000a8300000| Complete |  0
|1496|0x00000000ffe00000, 0x00000000fff00000, 0x00000000fff00000|100%| O|  |TAMS 0x00000000ffe00000| PB 0x00000000ffe00000| Untracked |  0
|1497|0x00000000fff00000, 0x00000000fff257b8, 0x0000000100000000| 14%| O|Cm|TAMS 0x00000000fff00000| PB 0x00000000fff00000| Complete |  0

Card table byte_map: [0x0000016ffa0b0000,0x0000016ffa3a0000] _byte_map_base: 0x0000016ff9b9d000

Marking Bits: (CMBitMap*) 0x0000016ff0f0f830
 Bits: [0x0000016ffa3a0000, 0x0000016ffbb08000)

Polling page: 0x0000016feecf0000

Metaspace:
Metaspace        used 25995K, committed 26432K, reserved 1114112K
 class space     used 3381K, committed 3584K, reserved 1048576K

Usage:
  Non-class:     22.08 MB used.
      Class:      3.30 MB used.
       Both:     25.39 MB used.

Virtual space:
  Non-class space:       64.00 MB reserved,      22.31 MB ( 35%) committed,  1 nodes.
      Class space:        1.00 GB reserved,       3.50 MB ( <1%) committed,  1 nodes.
             Both:        1.06 GB reserved,      25.81 MB (  2%) committed. 

Chunk freelists:
   Non-Class:  9.17 MB
       Class:  12.47 MB
        Both:  21.64 MB

MaxMetaspaceSize: unlimited
CompressedClassSpaceSize: 1.00 GB
Initial GC threshold: 21.00 MB
Current GC threshold: 35.25 MB
CDS: on
 - commit_granule_bytes: 65536.
 - commit_granule_words: 8192.
 - virtual_space_node_default_size: 8388608.
 - enlarge_chunks_in_place: 1.
UseCompressedClassPointers 1, UseCompactObjectHeaders 0
Narrow klass pointer bits 32, Max shift 3
Narrow klass base: 0x0000000022000000, Narrow klass shift: 0
Encoding Range: [0x0000000022000000 - 0x0000000122000000), (4294967296 bytes)
Klass Range:    [0x0000000022010000 - 0x0000000063000000), (1090453504 bytes)
Klass ID Range:  [65536 - 1090519033) (1090453497)
Protection zone: [0x0000000022000000 - 0x0000000022010000), (65536 bytes)


Internal statistics:

num_allocs_failed_limit: 3.
num_arena_births: 376.
num_arena_deaths: 0.
num_vsnodes_births: 2.
num_vsnodes_deaths: 0.
num_space_committed: 413.
num_space_uncommitted: 0.
num_chunks_returned_to_freelist: 3.
num_chunks_taken_from_freelist: 1307.
num_chunk_merges: 3.
num_chunk_splits: 868.
num_chunks_enlarged: 653.
num_inconsistent_stats: 0.

CodeHeap 'non-profiled nmethods': size=120064Kb used=1281Kb max_used=1281Kb free=118783Kb
 bounds [0x0000016f87ac0000, 0x0000016f87d30000, 0x0000016f8f000000]
CodeHeap 'profiled nmethods': size=120000Kb used=6241Kb max_used=6241Kb free=113758Kb
 bounds [0x0000016f80000000, 0x0000016f80620000, 0x0000016f87530000]
CodeHeap 'non-nmethods': size=5696Kb used=1453Kb max_used=1563Kb free=4243Kb
 bounds [0x0000016f87530000, 0x0000016f877a0000, 0x0000016f87ac0000]
CodeCache: size=245760Kb, used=8975Kb, max_used=9085Kb, free=236784Kb
 total_blobs=4435, nmethods=3868, adapters=466, full_count=0
Compilation: enabled, stopped_count=0, restarted_count=0

Compilation events (20 events):
Event: 3.803 Thread 0x0000016ffe74e950 3813       3       java.lang.invoke.LambdaFormEditor::lambdaFormEditor (12 bytes)
Event: 3.804 Thread 0x0000016ffe74e950 nmethod 3813 0x0000016f805fbd08 code [0x0000016f805fbe00, 0x0000016f805fc0a8]
Event: 3.804 Thread 0x0000016ffe74e950 3814       3       java.lang.invoke.LambdaFormEditor::<init> (10 bytes)
Event: 3.804 Thread 0x0000016ffe74e950 nmethod 3814 0x0000016f805fc108 code [0x0000016f805fc200, 0x0000016f805fc3b0]
Event: 3.811 Thread 0x0000016ffe74e950 3815       3       java.util.HashMap::putAll (7 bytes)
Event: 3.811 Thread 0x0000016ffe74e950 nmethod 3815 0x0000016f805fc408 code [0x0000016f805fc500, 0x0000016f805fc6c0]
Event: 3.811 Thread 0x0000016ffe74e950 3816       3       org.springframework.core.AttributeAccessorSupport::copyAttributesFrom (56 bytes)
Event: 3.812 Thread 0x0000016ffe74e950 nmethod 3816 0x0000016f805fc708 code [0x0000016f805fc800, 0x0000016f805fd6d0]
Event: 3.812 Thread 0x0000016ffe74e950 3817       3       org.springframework.core.AttributeAccessorSupport::attributeNames (13 bytes)
Event: 3.812 Thread 0x0000016ffe74e950 nmethod 3817 0x0000016f805fd708 code [0x0000016f805fd800, 0x0000016f805fddd8]
Event: 3.812 Thread 0x0000016ffe74e950 3818       3       org.springframework.beans.factory.support.AbstractBeanDefinition::<init> (500 bytes)
Event: 4.819 Thread 0x0000016ffe74e950 nmethod 3818 0x0000016f805fde08 code [0x0000016f805fdf00, 0x0000016f806066b8]
Event: 4.819 Thread 0x0000016ffe74e950 3820       3       org.springframework.beans.factory.support.AbstractBeanDefinition::copyQualifiersFrom (21 bytes)
Event: 4.820 Thread 0x0000016ffe74e950 nmethod 3820 0x0000016f80606708 code [0x0000016f80606800, 0x0000016f80606b38]
Event: 4.900 Thread 0x0000016ffe74e950 3822       1       org.springframework.beans.factory.support.AbstractBeanFactory::getBeanPostProcessors (5 bytes)
Event: 4.900 Thread 0x0000016ffe74e950 nmethod 3822 0x0000016f87bfc308 code [0x0000016f87bfc400, 0x0000016f87bfc4c8]
Event: 4.900 Thread 0x0000016ffe74e950 3823   !   3       org.springframework.util.ReflectionUtils::getDeclaredMethods (186 bytes)
Event: 4.902 Thread 0x0000016ffe74e950 nmethod 3823 0x0000016f80606b88 code [0x0000016f80606c80, 0x0000016f80608188]
Event: 4.902 Thread 0x0000016ffe74e950 3824       3       java.lang.invoke.MethodHandle::asFixedArity (23 bytes)
Event: 4.902 Thread 0x0000016ffe74e950 nmethod 3824 0x0000016f80608208 code [0x0000016f80608300, 0x0000016f80608418]

GC Heap Usage History (4 events):
Event: 1.573 {heap Before GC invocations=0 (full 0):
 garbage-first heap   total reserved 1533952K, committed 98304K, used 49301K [0x00000000a2600000, 0x0000000100000000)
  region size 1024K, 47 young (48128K), 0 survivors (0K)
}
Event: 1.581 {heap After GC invocations=1 (full 0):
 garbage-first heap   total reserved 1533952K, committed 98304K, used 7253K [0x00000000a2600000, 0x0000000100000000)
  region size 1024K, 6 young (6144K), 6 survivors (6144K)
}
Event: 2.765 {heap Before GC invocations=1 (full 0):
 garbage-first heap   total reserved 1533952K, committed 98304K, used 47189K [0x00000000a2600000, 0x0000000100000000)
  region size 1024K, 46 young (47104K), 6 survivors (6144K)
}
Event: 2.785 {heap After GC invocations=2 (full 0):
 garbage-first heap   total reserved 1533952K, committed 98304K, used 12058K [0x00000000a2600000, 0x0000000100000000)
  region size 1024K, 5 young (5120K), 5 survivors (5120K)
}

Metaspace Usage History (4 events):
Event: 1.573 {metaspace Before GC invocations=0 (full 0):
 Metaspace       used 13056K, committed 13312K, reserved 1114112K
  class space    used 1635K, committed 1728K, reserved 1048576K
}
Event: 1.581 {metaspace After GC invocations=1 (full 0):
 Metaspace       used 13056K, committed 13312K, reserved 1114112K
  class space    used 1635K, committed 1728K, reserved 1048576K
}
Event: 2.765 {metaspace Before GC invocations=1 (full 0):
 Metaspace       used 21270K, committed 21504K, reserved 1114112K
  class space    used 2732K, committed 2880K, reserved 1048576K
}
Event: 2.785 {metaspace After GC invocations=2 (full 0):
 Metaspace       used 21270K, committed 21504K, reserved 1114112K
  class space    used 2732K, committed 2880K, reserved 1048576K
}

Dll operation events (11 events):
Event: 0.021 Loaded shared library C:\Program Files\Java\jdk-25.0.2\bin\java.dll
Event: 0.152 Loaded shared library C:\Program Files\Java\jdk-25.0.2\bin\zip.dll
Event: 0.158 Loaded shared library C:\Program Files\Java\jdk-25.0.2\bin\instrument.dll
Event: 0.165 Loaded shared library C:\Program Files\Java\jdk-25.0.2\bin\net.dll
Event: 0.168 Loaded shared library C:\Program Files\Java\jdk-25.0.2\bin\nio.dll
Event: 0.173 Loaded shared library C:\Program Files\Java\jdk-25.0.2\bin\zip.dll
Event: 0.290 Loaded shared library C:\Program Files\Java\jdk-25.0.2\bin\extnet.dll
Event: 0.314 Loaded shared library C:\Program Files\Java\jdk-25.0.2\bin\jimage.dll
Event: 1.836 Loaded shared library C:\Program Files\Java\jdk-25.0.2\bin\sunmscapi.dll
Event: 3.572 Loaded shared library C:\Program Files\Java\jdk-25.0.2\bin\management.dll
Event: 3.575 Loaded shared library C:\Program Files\Java\jdk-25.0.2\bin\management_ext.dll

Deoptimization events (20 events):
Event: 3.045 Thread 0x0000016feeb49360 Uncommon trap: trap_request=0xffffffc6 fr.pc=0x0000016f87b2d880 relative=0x0000000000000180
Event: 3.045 Thread 0x0000016feeb49360 Uncommon trap: reason=bimorphic_or_optimized_type_check action=maybe_recompile pc=0x0000016f87b2d880 method=jdk.internal.classfile.impl.AbstractPoolEntry.maybeClone(Ljava/lang/classfile/constantpool/ConstantPoolBuilder;Ljava/lang/classfile/constantpool/Po
Event: 3.045 Thread 0x0000016feeb49360 DEOPT PACKING pc=0x0000016f87b2d880 sp=0x00000063e75fc820
Event: 3.045 Thread 0x0000016feeb49360 DEOPT UNPACKING pc=0x0000016f8764f582 sp=0x00000063e75fc7d8 mode 2
Event: 3.491 Thread 0x0000016feeb49360 Uncommon trap: trap_request=0xffffff5e fr.pc=0x0000016f87be5f44 relative=0x00000000000060c4
Event: 3.491 Thread 0x0000016feeb49360 Uncommon trap: reason=speculate_class_check action=maybe_recompile pc=0x0000016f87be5f44 method=jdk.internal.loader.BuiltinClassLoader.loadClassOrNull(Ljava/lang/String;)Ljava/lang/Class; @ 3 c2
Event: 3.491 Thread 0x0000016feeb49360 DEOPT PACKING pc=0x0000016f87be5f44 sp=0x00000063e75fab20
Event: 3.491 Thread 0x0000016feeb49360 DEOPT UNPACKING pc=0x0000016f8764f582 sp=0x00000063e75fab18 mode 2
Event: 3.744 Thread 0x0000016feeb49360 Uncommon trap: trap_request=0xffffff45 fr.pc=0x0000016f87b0c808 relative=0x0000000000000288
Event: 3.744 Thread 0x0000016feeb49360 Uncommon trap: reason=unstable_if action=reinterpret pc=0x0000016f87b0c808 method=java.util.concurrent.ConcurrentHashMap.get(Ljava/lang/Object;)Ljava/lang/Object; @ 76 c2
Event: 3.744 Thread 0x0000016feeb49360 DEOPT PACKING pc=0x0000016f87b0c808 sp=0x00000063e75fd240
Event: 3.744 Thread 0x0000016feeb49360 DEOPT UNPACKING pc=0x0000016f8764f582 sp=0x00000063e75fd1b8 mode 2
Event: 3.754 Thread 0x0000016f9503eb80 DEOPT PACKING pc=0x0000016f803aee83 sp=0x00000063e86fefb0
Event: 3.754 Thread 0x0000016f9503eb80 DEOPT UNPACKING pc=0x0000016f87581702 sp=0x00000063e86fe408 mode 3
Event: 3.754 Thread 0x0000016f949bf3e0 DEOPT PACKING pc=0x0000016f803b8d87 sp=0x00000063e94ff340
Event: 3.754 Thread 0x0000016f949bf3e0 DEOPT UNPACKING pc=0x0000016f87581702 sp=0x00000063e94fe7d8 mode 3
Event: 3.763 Thread 0x0000016feeb49360 Uncommon trap: trap_request=0xffffff4c fr.pc=0x0000016f87bd2324 relative=0x0000000000000524
Event: 3.763 Thread 0x0000016feeb49360 Uncommon trap: reason=speculate_null_assert action=make_not_entrant pc=0x0000016f87bd2324 method=org.springframework.core.SimpleAliasRegistry.canonicalName(Ljava/lang/String;)Ljava/lang/String; @ 17 c2
Event: 3.763 Thread 0x0000016feeb49360 DEOPT PACKING pc=0x0000016f87bd2324 sp=0x00000063e75fef70
Event: 3.763 Thread 0x0000016feeb49360 DEOPT UNPACKING pc=0x0000016f8764f582 sp=0x00000063e75feeb8 mode 2

Classes loaded (20 events):
Event: 3.743 Loading class jdk/internal/vm/annotation/IntrinsicCandidate
Event: 3.744 Loading class jdk/internal/vm/annotation/IntrinsicCandidate done
Event: 3.750 Loading class java/util/concurrent/ScheduledThreadPoolExecutor$ScheduledFutureTask
Event: 3.750 Loading class java/util/concurrent/ScheduledThreadPoolExecutor$ScheduledFutureTask done
Event: 3.750 Loading class java/util/concurrent/Executors$RunnableAdapter
Event: 3.751 Loading class java/util/concurrent/Executors$RunnableAdapter done
Event: 3.751 Loading class java/util/concurrent/ThreadPoolExecutor$Worker
Event: 3.751 Loading class java/util/concurrent/ThreadPoolExecutor$Worker done
Event: 3.754 Loading class java/util/concurrent/locks/AbstractQueuedSynchronizer$ExclusiveNode
Event: 3.754 Loading class java/util/concurrent/locks/AbstractQueuedSynchronizer$Node
Event: 3.754 Loading class java/util/concurrent/locks/AbstractQueuedSynchronizer$Node done
Event: 3.754 Loading class java/util/concurrent/locks/AbstractQueuedSynchronizer$ExclusiveNode done
Event: 3.754 Loading class java/util/concurrent/locks/AbstractQueuedSynchronizer$ConditionNode
Event: 3.754 Loading class java/util/concurrent/locks/AbstractQueuedSynchronizer$ConditionNode done
Event: 3.761 Loading class jdk/internal/event/ThreadSleepEvent
Event: 3.762 Loading class jdk/internal/event/ThreadSleepEvent done
Event: 3.782 Loading class java/util/concurrent/CompletableFuture
Event: 3.783 Loading class java/util/concurrent/CompletionStage
Event: 3.783 Loading class java/util/concurrent/CompletionStage done
Event: 3.783 Loading class java/util/concurrent/CompletableFuture done

Classes unloaded (0 events):
No events

Classes redefined (0 events):
No events

Internal exceptions (20 events):
Event: 3.030 Thread 0x0000016feeb49360 Exception <a 'java/lang/NoSuchMethodError'{0x00000000a46903e0}: 'int java.lang.invoke.DirectMethodHandle$Holder.invokeSpecialIFC(java.lang.Object, java.lang.Object, java.lang.Object)'> (0x00000000a46903e0) 
thrown [s\open\src\hotspot\share\interpreter\linkResolver.cpp, line 804]
Event: 3.031 Thread 0x0000016feeb49360 Exception <a 'java/lang/IncompatibleClassChangeError'{0x00000000a469f978}: Found class java.lang.Object, but interface was expected> (0x00000000a469f978) 
thrown [s\open\src\hotspot\share\interpreter\linkResolver.cpp, line 871]
Event: 3.031 Thread 0x0000016feeb49360 Exception <a 'java/lang/IncompatibleClassChangeError'{0x00000000a46afd68}: Found class java.lang.Object, but interface was expected> (0x00000000a46afd68) 
thrown [s\open\src\hotspot\share\interpreter\linkResolver.cpp, line 871]
Event: 3.033 Thread 0x0000016feeb49360 Exception <a 'java/lang/IncompatibleClassChangeError'{0x00000000a46c8390}: Found class java.lang.Object, but interface was expected> (0x00000000a46c8390) 
thrown [s\open\src\hotspot\share\interpreter\linkResolver.cpp, line 871]
Event: 3.044 Thread 0x0000016feeb49360 Exception <a 'java/lang/NoSuchMethodError'{0x00000000a4543c00}: 'void java.lang.invoke.DirectMethodHandle$Holder.invokeStatic(java.lang.Object, java.lang.Object, java.lang.Object, int, java.lang.Object)'> (0x00000000a4543c00) 
thrown [s\open\src\hotspot\share\interpreter\linkResolver.cpp, line 804]
Event: 3.059 Thread 0x0000016feeb49360 Exception <a 'java/lang/NoSuchMethodError'{0x00000000a442d1e0}: 'void java.lang.invoke.DirectMethodHandle$Holder.invokeStatic(java.lang.Object, int, java.lang.Object)'> (0x00000000a442d1e0) 
thrown [s\open\src\hotspot\share\interpreter\linkResolver.cpp, line 804]
Event: 3.104 Thread 0x0000016feeb49360 Exception <a 'java/lang/NoSuchMethodError'{0x00000000a42811e8}: 'java.lang.Object java.lang.invoke.DirectMethodHandle$Holder.invokeVirtual(java.lang.Object, java.lang.Object, java.lang.Object, java.lang.Object, java.lang.Object)'> (0x00000000a42811e8) 
thrown [s\open\src\hotspot\share\interpreter\linkResolver.cpp, line 804]
Event: 3.153 Thread 0x0000016feeb49360 Exception <a 'java/lang/NoSuchMethodError'{0x00000000a41b3c48}: 'java.lang.Object java.lang.invoke.DirectMethodHandle$Holder.invokeStaticInit(java.lang.Object, int, int, int, int)'> (0x00000000a41b3c48) 
thrown [s\open\src\hotspot\share\interpreter\linkResolver.cpp, line 804]
Event: 3.405 Thread 0x0000016feeb49360 Exception <a 'java/lang/NoSuchMethodError'{0x00000000a4086a60}: 'java.lang.Object java.lang.invoke.DirectMethodHandle$Holder.invokeStaticInit(java.lang.Object, java.lang.Object, int, int, int, int)'> (0x00000000a4086a60) 
thrown [s\open\src\hotspot\share\interpreter\linkResolver.cpp, line 804]
Event: 3.546 Thread 0x0000016feeb49360 Exception <a 'java/lang/NoSuchMethodError'{0x00000000a3c31050}: 'int java.lang.invoke.DirectMethodHandle$Holder.invokeVirtual(java.lang.Object, java.lang.Object, java.lang.Object, java.lang.Object)'> (0x00000000a3c31050) 
thrown [s\open\src\hotspot\share\interpreter\linkResolver.cpp, line 804]
Event: 3.591 Thread 0x0000016feeb49360 Exception <a 'java/io/FileNotFoundException'{0x00000000a3b50a00}> (0x00000000a3b50a00) 
thrown [s\open\src\hotspot\share\prims\jni.cpp, line 516]
Event: 3.611 Thread 0x0000016feeb49360 Exception <a 'java/io/IOException'{0x00000000a3bbdaf8}> (0x00000000a3bbdaf8) 
thrown [s\open\src\hotspot\share\prims\jni.cpp, line 516]
Event: 3.612 Thread 0x0000016feeb49360 Exception <a 'java/io/IOException'{0x00000000a3bbe228}> (0x00000000a3bbe228) 
thrown [s\open\src\hotspot\share\prims\jni.cpp, line 516]
Event: 3.613 Thread 0x0000016feeb49360 Exception <a 'java/io/IOException'{0x00000000a3bbe938}> (0x00000000a3bbe938) 
thrown [s\open\src\hotspot\share\prims\jni.cpp, line 516]
Event: 3.637 Thread 0x0000016feeb49360 Exception <a 'java/io/IOException'{0x00000000a3a1e968}> (0x00000000a3a1e968) 
thrown [s\open\src\hotspot\share\prims\jni.cpp, line 516]
Event: 3.638 Thread 0x0000016feeb49360 Exception <a 'java/io/IOException'{0x00000000a3a22268}> (0x00000000a3a22268) 
thrown [s\open\src\hotspot\share\prims\jni.cpp, line 516]
Event: 3.639 Thread 0x0000016feeb49360 Exception <a 'java/io/IOException'{0x00000000a3a22d40}> (0x00000000a3a22d40) 
thrown [s\open\src\hotspot\share\prims\jni.cpp, line 516]
Event: 3.663 Thread 0x0000016feeb49360 Exception <a 'java/lang/NoSuchMethodError'{0x00000000a3ab1850}: 'int java.lang.invoke.DirectMethodHandle$Holder.invokeInterface(java.lang.Object, java.lang.Object, java.lang.Object, java.lang.Object)'> (0x00000000a3ab1850) 
thrown [s\open\src\hotspot\share\interpreter\linkResolver.cpp, line 804]
Event: 3.735 Thread 0x0000016feeb49360 Exception <a 'java/lang/NoSuchMethodError'{0x00000000a38b0cf0}: 'long java.lang.invoke.DirectMethodHandle$Holder.invokeVirtual(java.lang.Object, java.lang.Object)'> (0x00000000a38b0cf0) 
thrown [s\open\src\hotspot\share\interpreter\linkResolver.cpp, line 804]
Event: 3.780 Thread 0x0000016feeb49360 Exception <a 'java/lang/NoSuchMethodError'{0x00000000a36b3f30}: 'void java.lang.invoke.DirectMethodHandle$Holder.invokeVirtual(java.lang.Object, java.lang.Object, long)'> (0x00000000a36b3f30) 
thrown [s\open\src\hotspot\share\interpreter\linkResolver.cpp, line 804]

VM Operations (20 events):
Event: 2.673 Executing non-safepoint VM operation: HandshakeAllThreads (Deoptimize)
Event: 2.673 Executing non-safepoint VM operation: HandshakeAllThreads (Deoptimize) done
Event: 2.765 Executing safepoint VM operation: CollectForMetadataAllocation (Metadata GC Threshold)
Event: 2.786 Executing safepoint VM operation: CollectForMetadataAllocation (Metadata GC Threshold) done
Event: 2.792 Executing safepoint VM operation: G1PauseRemark
Event: 2.796 Executing safepoint VM operation: G1PauseRemark done
Event: 2.798 Executing safepoint VM operation: G1PauseCleanup
Event: 2.802 Executing safepoint VM operation: G1PauseCleanup done
Event: 2.849 Executing non-safepoint VM operation: HandshakeAllThreads (Deoptimize)
Event: 2.849 Executing non-safepoint VM operation: HandshakeAllThreads (Deoptimize) done
Event: 3.532 Executing non-safepoint VM operation: HandshakeAllThreads (Deoptimize)
Event: 3.532 Executing non-safepoint VM operation: HandshakeAllThreads (Deoptimize) done
Event: 3.581 Executing non-safepoint VM operation: HandshakeAllThreads (Deoptimize)
Event: 3.581 Executing non-safepoint VM operation: HandshakeAllThreads (Deoptimize) done
Event: 3.625 Executing non-safepoint VM operation: HandshakeAllThreads (Deoptimize)
Event: 3.625 Executing non-safepoint VM operation: HandshakeAllThreads (Deoptimize) done
Event: 3.746 Executing non-safepoint VM operation: HandshakeAllThreads (Deoptimize)
Event: 3.746 Executing non-safepoint VM operation: HandshakeAllThreads (Deoptimize) done
Event: 3.806 Executing non-safepoint VM operation: HandshakeAllThreads (Deoptimize)
Event: 3.806 Executing non-safepoint VM operation: HandshakeAllThreads (Deoptimize) done

Memory protections (0 events):
No events

Nmethod flushes (0 events):
No events

Events (20 events):
Event: 0.055 Thread 0x0000016feeb49360 Thread added: 0x0000016ffe718b50
Event: 0.055 Thread 0x0000016feeb49360 Thread added: 0x0000016ffe719310
Event: 0.056 Thread 0x0000016feeb49360 Thread added: 0x0000016ffe71c0d0
Event: 0.056 Thread 0x0000016feeb49360 Thread added: 0x0000016ffe71cbe0
Event: 0.056 Thread 0x0000016feeb49360 Thread added: 0x0000016ffe71f3b0
Event: 0.056 Thread 0x0000016feeb49360 Thread added: 0x0000016ffe71fca0
Event: 0.056 Thread 0x0000016feeb49360 Thread added: 0x0000016ffe72bff0
Event: 0.056 Thread 0x0000016feeb49360 Thread added: 0x0000016ffe74e950
Event: 0.162 Thread 0x0000016feeb49360 Thread added: 0x0000016ffe963340
Event: 0.228 Thread 0x0000016ffe74e950 Thread added: 0x0000016ffe9a4430
Event: 0.266 Thread 0x0000016feeb49360 Thread added: 0x0000016ffea300b0
Event: 0.266 Thread 0x0000016feeb49360 Thread added: 0x0000016ffe8722e0
Event: 1.365 Thread 0x0000016feeb49360 Thread added: 0x0000016f931d0010
Event: 1.872 Thread 0x0000016feeb49360 Thread added: 0x0000016f935b1fc0
Event: 1.879 Thread 0x0000016f931d0010 Thread exited: 0x0000016f931d0010
Event: 1.886 Thread 0x0000016f935b1fc0 Thread exited: 0x0000016f935b1fc0
Event: 3.451 Thread 0x0000016ffe9a4430 Thread exited: 0x0000016ffe9a4430
Event: 3.753 Thread 0x0000016feeb49360 Thread added: 0x0000016f9503eb80
Event: 3.754 Thread 0x0000016f9503eb80 Thread added: 0x0000016f949bf3e0
Event: 3.761 Thread 0x0000016feeb49360 Thread added: 0x0000016f93c7b9a0


Dynamic libraries:
0x00007ff6f80f0000 - 0x00007ff6f8100000 	C:\Program Files\Java\jdk-25.0.2\bin\java.exe
0x00007ffab6b00000 - 0x00007ffab6d67000 	C:\Windows\SYSTEM32\ntdll.dll
0x00007ffab4f90000 - 0x00007ffab5059000 	C:\Windows\System32\KERNEL32.DLL
0x00007ffab3880000 - 0x00007ffab3c71000 	C:\Windows\System32\KERNELBASE.dll
0x00007ffab3520000 - 0x00007ffab366b000 	C:\Windows\System32\ucrtbase.dll
0x00007ffaaab90000 - 0x00007ffaaaba7000 	C:\Program Files\Java\jdk-25.0.2\bin\jli.dll
0x00007ffaaa650000 - 0x00007ffaaa66e000 	C:\Program Files\Java\jdk-25.0.2\bin\VCRUNTIME140.dll
0x00007ffab4d50000 - 0x00007ffab4f15000 	C:\Windows\System32\USER32.dll
0x00007ffaa2d20000 - 0x00007ffaa2fb3000 	C:\Windows\WinSxS\amd64_microsoft.windows.common-controls_6595b64144ccf1df_6.0.26100.8037_none_3e092faae333b53b\COMCTL32.dll
0x00007ffab3670000 - 0x00007ffab3697000 	C:\Windows\System32\win32u.dll
0x00007ffab5090000 - 0x00007ffab5139000 	C:\Windows\System32\msvcrt.dll
0x00007ffab6560000 - 0x00007ffab658b000 	C:\Windows\System32\GDI32.dll
0x00007ffab3750000 - 0x00007ffab387b000 	C:\Windows\System32\gdi32full.dll
0x00007ffab36a0000 - 0x00007ffab3743000 	C:\Windows\System32\msvcp_win.dll
0x00007ffab5260000 - 0x00007ffab5291000 	C:\Windows\System32\IMM32.DLL
0x00007ffab0720000 - 0x00007ffab072c000 	C:\Program Files\Java\jdk-25.0.2\bin\vcruntime140_1.dll
0x00007ffa67bd0000 - 0x00007ffa67c5d000 	C:\Program Files\Java\jdk-25.0.2\bin\msvcp140.dll
0x00007ffa0e990000 - 0x00007ffa0f7ef000 	C:\Program Files\Java\jdk-25.0.2\bin\server\jvm.dll
0x00007ffab6250000 - 0x00007ffab630b000 	C:\Windows\System32\ADVAPI32.dll
0x00007ffab64b0000 - 0x00007ffab6557000 	C:\Windows\System32\sechost.dll
0x00007ffab5140000 - 0x00007ffab5258000 	C:\Windows\System32\RPCRT4.dll
0x00007ffab5340000 - 0x00007ffab53b4000 	C:\Windows\System32\WS2_32.dll
0x00007ffab0470000 - 0x00007ffab04a5000 	C:\Windows\SYSTEM32\WINMM.dll
0x00007ffab3240000 - 0x00007ffab329e000 	C:\Windows\SYSTEM32\POWRPROF.dll
0x00007ffaab150000 - 0x00007ffaab15b000 	C:\Windows\SYSTEM32\VERSION.dll
0x00007ffab3170000 - 0x00007ffab3184000 	C:\Windows\SYSTEM32\UMPDC.dll
0x00007ffab2170000 - 0x00007ffab218b000 	C:\Windows\SYSTEM32\kernel.appcore.dll
0x00007ffab0630000 - 0x00007ffab063a000 	C:\Program Files\Java\jdk-25.0.2\bin\jimage.dll
0x00007ffab0f30000 - 0x00007ffab1172000 	C:\Windows\SYSTEM32\DBGHELP.DLL
0x00007ffab53d0000 - 0x00007ffab5752000 	C:\Windows\System32\combase.dll
0x00007ffab5760000 - 0x00007ffab5837000 	C:\Windows\System32\OLEAUT32.dll
0x00007ffab0430000 - 0x00007ffab046b000 	C:\Windows\SYSTEM32\dbgcore.DLL
0x00007ffab3470000 - 0x00007ffab3515000 	C:\Windows\System32\bcryptPrimitives.dll
0x00007ffaa7940000 - 0x00007ffaa7950000 	C:\Program Files\Java\jdk-25.0.2\bin\instrument.dll
0x00007ffaa7e10000 - 0x00007ffaa7e2f000 	C:\Program Files\Java\jdk-25.0.2\bin\java.dll
0x00007ffab5940000 - 0x00007ffab5ad5000 	C:\Windows\System32\ole32.dll
0x00007ffab5ae0000 - 0x00007ffab623f000 	C:\Windows\System32\SHELL32.dll
0x00007ffab4730000 - 0x00007ffab489a000 	C:\Windows\System32\wintypes.dll
0x00007ffab3d40000 - 0x00007ffab45a4000 	C:\Windows\System32\windows.storage.dll
0x00007ffab6680000 - 0x00007ffab6777000 	C:\Windows\System32\SHCORE.dll
0x00007ffab4f20000 - 0x00007ffab4f87000 	C:\Windows\System32\shlwapi.dll
0x00007ffab3300000 - 0x00007ffab3329000 	C:\Windows\SYSTEM32\profapi.dll
0x00007ffaa7960000 - 0x00007ffaa7977000 	C:\Program Files\Java\jdk-25.0.2\bin\zip.dll
0x00007ffaa79c0000 - 0x00007ffaa79d2000 	C:\Program Files\Java\jdk-25.0.2\bin\net.dll
0x00007ffab26e0000 - 0x00007ffab274b000 	C:\Windows\system32\mswsock.dll
0x00007ffaa79a0000 - 0x00007ffaa79b6000 	C:\Program Files\Java\jdk-25.0.2\bin\nio.dll
0x00007ffaaa640000 - 0x00007ffaaa649000 	C:\Program Files\Java\jdk-25.0.2\bin\extnet.dll
0x00007ffab05a0000 - 0x00007ffab05ae000 	C:\Program Files\Java\jdk-25.0.2\bin\sunmscapi.dll
0x00007ffab45b0000 - 0x00007ffab4727000 	C:\Windows\System32\CRYPT32.dll
0x00007ffab2be0000 - 0x00007ffab2c10000 	C:\Windows\SYSTEM32\ncrypt.dll
0x00007ffab2b90000 - 0x00007ffab2bcf000 	C:\Windows\SYSTEM32\NTASN1.dll
0x00007ffab29d0000 - 0x00007ffab29eb000 	C:\Windows\SYSTEM32\CRYPTSP.dll
0x00007ffab20d0000 - 0x00007ffab2109000 	C:\Windows\system32\rsaenh.dll
0x00007ffab2790000 - 0x00007ffab27c2000 	C:\Windows\SYSTEM32\USERENV.dll
0x00007ffab32d0000 - 0x00007ffab32fa000 	C:\Windows\SYSTEM32\bcrypt.dll
0x00007ffab29c0000 - 0x00007ffab29cc000 	C:\Windows\SYSTEM32\CRYPTBASE.dll
0x00007ffab1c10000 - 0x00007ffab1c43000 	C:\Windows\SYSTEM32\IPHLPAPI.DLL
0x00007ffab5320000 - 0x00007ffab532a000 	C:\Windows\System32\NSI.dll
0x00007ffaa7e00000 - 0x00007ffaa7e0a000 	C:\Program Files\Java\jdk-25.0.2\bin\management.dll
0x00007ffaa7950000 - 0x00007ffaa795c000 	C:\Program Files\Java\jdk-25.0.2\bin\management_ext.dll
0x00007ffab65e0000 - 0x00007ffab65e8000 	C:\Windows\System32\PSAPI.DLL

JVMTI agents:
C:\Program Files\JetBrains\IntelliJ IDEA Community Edition 2025.2.6.1\lib\idea_rt.jar path:C:\Program Files\Java\jdk-25.0.2\bin\instrument.dll, loaded, initialized, instrumentlib options:64315

dbghelp: loaded successfully - version: 4.0.5 - missing functions: none
symbol engine: initialized successfully - sym options: 0x614 - pdb path: .;C:\Program Files\Java\jdk-25.0.2\bin;C:\Windows\SYSTEM32;C:\Windows\WinSxS\amd64_microsoft.windows.common-controls_6595b64144ccf1df_6.0.26100.8037_none_3e092faae333b53b;C:\Program Files\Java\jdk-25.0.2\bin\server

VM Arguments:
jvm_args: -javaagent:C:\Program Files\JetBrains\IntelliJ IDEA Community Edition 2025.2.6.1\lib\idea_rt.jar=64315 -Dfile.encoding=UTF-8 -Dsun.stdout.encoding=UTF-8 -Dsun.stderr.encoding=UTF-8 
java_command: com.tugas.deploy.DeployApplication
java_class_path (initial): D:\Semester 6\Deployment\Praktikum\deployy\deploy\target\classes;C:\Users\Lenovo\.m2\repository\org\springframework\boot\spring-boot-starter-thymeleaf\4.0.5\spring-boot-starter-thymeleaf-4.0.5.jar;C:\Users\Lenovo\.m2\repository\org\springframework\boot\spring-boot-starter\4.0.5\spring-boot-starter-4.0.5.jar;C:\Users\Lenovo\.m2\repository\org\springframework\boot\spring-boot-starter-logging\4.0.5\spring-boot-starter-logging-4.0.5.jar;C:\Users\Lenovo\.m2\repository\ch\qos\logback\logback-classic\1.5.32\logback-classic-1.5.32.jar;C:\Users\Lenovo\.m2\repository\ch\qos\logback\logback-core\1.5.32\logback-core-1.5.32.jar;C:\Users\Lenovo\.m2\repository\org\apache\logging\log4j\log4j-to-slf4j\2.25.3\log4j-to-slf4j-2.25.3.jar;C:\Users\Lenovo\.m2\repository\org\apache\logging\log4j\log4j-api\2.25.3\log4j-api-2.25.3.jar;C:\Users\Lenovo\.m2\repository\org\slf4j\jul-to-slf4j\2.0.17\jul-to-slf4j-2.0.17.jar;C:\Users\Lenovo\.m2\repository\org\springframework\boot\spring-boot-autoconfigure\4.0.5\spring-boot-autoconfigure-4.0.5.jar;C:\Users\Lenovo\.m2\repository\jakarta\annotation\jakarta.annotation-api\3.0.0\jakarta.annotation-api-3.0.0.jar;C:\Users\Lenovo\.m2\repository\org\yaml\snakeyaml\2.5\snakeyaml-2.5.jar;C:\Users\Lenovo\.m2\repository\org\springframework\boot\spring-boot-thymeleaf\4.0.5\spring-boot-thymeleaf-4.0.5.jar;C:\Users\Lenovo\.m2\repository\org\springframework\boot\spring-boot\4.0.5\spring-boot-4.0.5.jar;C:\Users\Lenovo\.m2\repository\org\springframework\spring-context\7.0.6\spring-context-7.0.6.jar;C:\Users\Lenovo\.m2\repository\org\thymeleaf\thymeleaf-spring6\3.1.3.RELEASE\thymeleaf-spring6-3.1.3.RELEASE.jar;C:\Users\Lenovo\.m2\repository\org\thymeleaf\thymeleaf\3.1.3.RELEASE\thymeleaf-3.1.3.RELEASE.jar;C:\Users\Lenovo\.m2\repository\org\attoparser\attoparser\2.0.7.RELEASE\attoparser-2.0.7.RELEASE.jar;C:\Users\Lenovo\.m2\repository\org\unbescape\unbescape\1.1.6.RELEASE\unbescape-1.1.6.RELEASE.jar;C:\Users\Lenovo\.m2\repository\org\slf4j\slf4j-api\2.0.17\slf4j-api-2.0.17.jar;C:\Users\Lenovo\.m2\repository\org\springframework\spring-web\7.0.6\spring-web-7.0.6.jar;C:\Users\Lenovo\.m2\repository\org\springframework\spring-beans\7.0.6\spring-beans-7.0.6.jar;C:\Users\Lenovo\.m2\repository\io\micrometer\micrometer-observation\1.16.4\micrometer-observation-1.16.4.jar;C:\Users\Lenovo\.m2\repository\io\micrometer\micrometer-commons\1.16.4\micrometer-commons-1.16.4.jar;C:\Users\Lenovo\.m2\repository\org\springframework\boot\spring-boot-starter-webmvc\4.0.5\spring-boot-starter-webmvc-4.0.5.jar;C:\Users\Lenovo\.m2\repository\org\springframework\boot\spring-boot-starter-jackson\4.0.5\spring-boot-starter-jackson-4.0.5.jar;C:\Users\Lenovo\.m2\repository\org\springframework\boot\spring-boot-jackson\4.0.5\spring-boot-jackson-4.0.5.jar;C:\Users\Lenovo\.m2\repository\tools\jackson\core\jackson-databind\3.1.0\jackson-databind-3.1.0.jar;C:\Users\Lenovo\.m2\repository\com\fasterxml\jackson\core\jackson-annotations\2.21\jackson-annotations-2.21.jar;C:\Users\Lenovo\.m2\repository\tools\jackson\core\jackson-core\3.1.0\jackson-core-3.1.0.jar;C:\Users\Lenovo\.m2\repository\org\springframework\boot\spring-boot-starter-tomcat\4.0.5\spring-boot-starter-tomcat-4.0.5.jar;C:\Users\Lenovo\.m2\repository\org\springframework\boot\spring-boot-starter-tomcat-runtime\4.0.5\spring-boot-starter-tomcat-runtime-4.0.5.jar;C:\Users\Lenovo\.m2\repository\org\apache\tomcat\embed\tomcat-embed-core\11.0.20\tomcat-embed-core-11.0.20.jar;C:\Users\Lenovo\.m2\repository\org\apache\tomcat\embed\tomcat-embed-el\11.0.20\tomcat-embed-el-11.0.20.jar;C:\Users\Lenovo\.m2\repository\org\apache\tomcat\embed\tomcat-embed-websocket\11.0.20\tomcat-embed-websocket-11.0.20.jar;C:\Users\Lenovo\.m2\repository\org\springframework\boot\spring-boot-tomcat\4.0.5\spring-boot-tomcat-4.0.5.jar;C:\Users\Lenovo\.m2\repository\org\springframework\boot\spring-boot-http-converter\4.0.5\spring-boot-http-converter-4.0.5.jar;C:\Users\Lenovo\.m2\repository\org\springframework\boot\spring-boot-webmvc\4.0.5\spring-boot-webmvc-4.0.5.jar;C:\Users\Lenovo\.m2\repository\org\springframework\boot\spring-boot-servlet\4.0.5\spring-boot-servlet-4.0.5.jar;C:\Users\Lenovo\.m2\repository\org\springframework\spring-webmvc\7.0.6\spring-webmvc-7.0.6.jar;C:\Users\Lenovo\.m2\repository\org\springframework\spring-aop\7.0.6\spring-aop-7.0.6.jar;C:\Users\Lenovo\.m2\repository\org\springframework\spring-expression\7.0.6\spring-expression-7.0.6.jar;C:\Users\Lenovo\.m2\repository\org\projectlombok\lombok\1.18.44\lombok-1.18.44.jar;C:\Users\Lenovo\.m2\repository\org\springframework\spring-core\7.0.6\spring-core-7.0.6.jar;C:\Users\Lenovo\.m2\repository\commons-logging\commons-logging\1.3.6\commons-logging-1.3.6.jar;C:\Users\Lenovo\.m2\repository\org\jspecify\jspecify\1.0.0\jspecify-1.0.0.jar;C:\Users\Lenovo\.m2\repository\org\springframework\boot\spring-boot-web-server\4.0.5\spring-boot-web-server-4.0.5.jar
Launcher Type: SUN_STANDARD

[Global flags]
     intx CICompilerCount                          = 4                                         {product} {ergonomic}
     uint ConcGCThreads                            = 3                                         {product} {ergonomic}
     uint G1ConcRefinementThreads                  = 10                                        {product} {ergonomic}
   size_t G1HeapRegionSize                         = 1048576                                   {product} {ergonomic}
   size_t InitialHeapSize                          = 98566144                                  {product} {ergonomic}
   size_t MarkStackSize                            = 4194304                                   {product} {ergonomic}
   size_t MarkStackSizeMax                         = 536870912                                 {product} {ergonomic}
   size_t MaxHeapSize                              = 1570766848                                {product} {ergonomic}
   size_t MaxNewSize                               = 941621248                                 {product} {ergonomic}
   size_t MinHeapDeltaBytes                        = 1048576                                   {product} {ergonomic}
   size_t MinHeapSize                              = 8388608                                   {product} {ergonomic}
    uintx NonNMethodCodeHeapSize                   = 5832704                                {pd product} {ergonomic}
    uintx NonProfiledCodeHeapSize                  = 122945536                              {pd product} {ergonomic}
    uintx ProfiledCodeHeapSize                     = 122880000                              {pd product} {ergonomic}
    uintx ReservedCodeCacheSize                    = 251658240                              {pd product} {ergonomic}
     bool SegmentedCodeCache                       = true                                      {product} {ergonomic}
   size_t SoftMaxHeapSize                          = 1570766848                             {manageable} {ergonomic}
     bool UseCompressedOops                        = true                           {product lp64_product} {ergonomic}
     bool UseG1GC                                  = true                                      {product} {ergonomic}
     bool UseLargePagesIndividualAllocation        = false                                  {pd product} {ergonomic}

Logging:
Log output configuration:
 #0: stdout all=warning uptime,level,tags foldmultilines=false
 #1: stderr all=off uptime,level,tags foldmultilines=false

Release file:
IMPLEMENTOR="Oracle Corporation" 
JAVA_RUNTIME_VERSION="25.0.2+10-LTS-69" 
JAVA_VERSION="25.0.2" 
JAVA_VERSION_DATE="2026-01-20" 
LIBC="default" 
MODULES="java.base java.compiler java.datatransfer java.xml java.prefs java.desktop java.instrument java.logging java.management java.security.sasl java.naming java.rmi java.management.rmi java.net.http java.scripting java.security.jgss java.transaction.xa java.sql java.sql.rowset java.xml.crypto java.se java.smartcardio jdk.accessibility jdk.internal.jvmstat jdk.attach jdk.charsets jdk.internal.opt jdk.zipfs jdk.compiler jdk.crypto.cryptoki jdk.crypto.ec jdk.crypto.mscapi jdk.dynalink jdk.internal.ed jdk.editpad jdk.internal.vm.ci jdk.graal.compiler jdk.graal.compiler.management jdk.hotspot.agent jdk.httpserver jdk.incubator.vector jdk.internal.le jdk.internal.md jdk.jartool jdk.javadoc jdk.jcmd jdk.management jdk.management.agent jdk.jconsole jdk.jdeps jdk.jdwp.agent jdk.jdi jdk.jfr jdk.jlink jdk.jpackage jdk.jshell jdk.jsobject jdk.jstatd jdk.localedata jdk.management.jfr jdk.naming.dns jdk.naming.rmi jdk.net jdk.nio.mapmode jdk.sctp jdk.security.auth jdk.security.jgss jdk.unsupported jdk.unsupported.desktop jdk.xml.dom" 
OS_ARCH="x86_64" 
OS_NAME="Windows" 
SOURCE=".:git:b75efb40c93a open:git:405a5699ebd0" 

Environment Variables:
JAVA_HOME=C:\Program Files\Java\jdk-24
PATH=C:\Program Files\Common Files\Oracle\Java\javapath;C:\Program Files (x86)\Common Files\Oracle\Java\java8path;C:\Program Files (x86)\Common Files\Oracle\Java\javapath;C:\Program Files\Python313\Scripts\;C:\Program Files\Python313\;C:\Windows\system32;C:\Windows;C:\Windows\System32\Wbem;C:\Windows\System32\WindowsPowerShell\v1.0\;C:\Windows\System32\OpenSSH\;C:\Program Files\Microsoft SQL Server\150\Tools\Binn\;C:\php;C:\Program Files\Microsoft SQL Server\Client SDK\ODBC\170\Tools\Binn\;C:\ProgramData\chocolatey\bin;C:\Program Files\Git\cmd;C:\Program Files (x86)\Microsoft SQL Server\160\Tools\Binn\;C:\Program Files\Microsoft SQL Server\160\Tools\Binn\;C:\Program Files\Microsoft SQL Server\160\DTS\Binn\;C:\Program Files (x86)\Microsoft SQL Server\160\DTS\Binn\;C:\Program Files\Azure Data Studio\bin;C:\Program Files\nodejs\;C:\ProgramData\ComposerSetup\bin;C:\Program Files\Docker\Docker\resources\bin;C:\Program Files\MySQL\MySQL Shell 8.0\bin\;C:\Users\Lenovo\AppData\Local\Microsoft\WindowsApps;C:\Users\Lenovo\AppData\Local\Programs\Microsoft VS Code\bin;C:\php;C:\Program Files\Azure Data Studio\bin;C:\Users\Lenovo\AppData\Roaming\npm;C:\Users\Lenovo\AppData\Local\Programs\Antigravity\bin;C:\Users\Lenovo\AppData\Roaming\Composer\vendor\bin;C:\Program Files\JetBrains\IntelliJ IDEA Community Edition 2025.2.6.1\bin
USERNAME=Lenovo
OS=Windows_NT
PROCESSOR_IDENTIFIER=AMD64 Family 25 Model 80 Stepping 0, AuthenticAMD
TMP=C:\Users\Lenovo\AppData\Local\Temp
TEMP=C:\Users\Lenovo\AppData\Local\Temp




Compilation memory statistics disabled.

Periodic native trim disabled

---------------  S Y S T E M  ---------------

OS:
 Windows 11 , 64 bit Build 26100 (10.0.26100.7920)
OS uptime: 11 days 17:50 hours
Hyper-V role detected

CPU: total 12 (initial active 12) (12 cores per cpu, 2 threads per core) family 25 model 80 stepping 0 microcode 0xa500014, cx8, cmov, fxsr, ht, mmx, 3dnowpref, sse, sse2, sse3, ssse3, sse4a, sse4.1, sse4.2, popcnt, lzcnt, tsc, tscinvbit, avx, avx2, aes, erms, clmul, bmi1, bmi2, adx, sha, fma, vzeroupper, clflush, clflushopt, clwb, hv, rdtscp, rdpid, fsrm, f16c, cet_ss
Processor Information for processor 0
  Max Mhz: 2301, Current Mhz: 2301, Mhz Limit: 2301
Processor Information for processor 1
  Max Mhz: 2301, Current Mhz: 2301, Mhz Limit: 2301
Processor Information for processor 2
  Max Mhz: 2301, Current Mhz: 1798, Mhz Limit: 2301
Processor Information for processor 3
  Max Mhz: 2301, Current Mhz: 1798, Mhz Limit: 2301
Processor Information for processor 4
  Max Mhz: 2301, Current Mhz: 1798, Mhz Limit: 2301
Processor Information for processor 5
  Max Mhz: 2301, Current Mhz: 1798, Mhz Limit: 2301
Processor Information for processor 6
  Max Mhz: 2301, Current Mhz: 1798, Mhz Limit: 2301
Processor Information for processor 7
  Max Mhz: 2301, Current Mhz: 1798, Mhz Limit: 2301
Processor Information for processor 8
  Max Mhz: 2301, Current Mhz: 1798, Mhz Limit: 2301
Processor Information for processor 9
  Max Mhz: 2301, Current Mhz: 2301, Mhz Limit: 2301
Processor Information for processor 10
  Max Mhz: 2301, Current Mhz: 1798, Mhz Limit: 2301
Processor Information for processor 11
  Max Mhz: 2301, Current Mhz: 2301, Mhz Limit: 2301

Memory: 4k page, system-wide physical 5987M (691M free)
TotalPageFile size 24419M (AvailPageFile size 234M)
current process WorkingSet (physical memory assigned to process): 146M, peak: 168M
current process commit charge ("private bytes"): 198M, peak: 255M

vm_info: Java HotSpot(TM) 64-Bit Server VM (25.0.2+10-LTS-69) for windows-amd64 JRE (25.0.2+10-LTS-69), built on 2025-12-18T11:36:35Z with MS VC++ 17.13 (VS2022)

END.
