#
# There is insufficient memory for the Java Runtime Environment to continue.
# Native memory allocation (malloc) failed to allocate 8458136 bytes. Error detail: Chunk::new
# Possible reasons:
#   The system is out of physical RAM or swap space
#   This process is running with CompressedOops enabled, and the Java Heap may be blocking the growth of the native heap
# Possible solutions:
#   Reduce memory load on the system
#   Increase physical memory or swap space
#   Check if swap backing store is full
#   Decrease Java heap size (-Xmx/-Xms)
#   Decrease number of Java threads
#   Decrease Java thread stack sizes (-Xss)
#   Set larger code cache with -XX:ReservedCodeCacheSize=
#   JVM is running with Unscaled Compressed Oops mode in which the Java heap is
#     placed in the first 4GB address space. The Java Heap base address is the
#     maximum limit for the native heap growth. Please use -XX:HeapBaseMinAddress
#     to set the Java Heap base and to place the Java Heap above 4GB virtual address.
# This output file may be truncated or incomplete.
#
#  Out of Memory Error (arena.cpp:186), pid=17672, tid=12396
#
# JRE version: Java(TM) SE Runtime Environment (25.0.2+10) (build 25.0.2+10-LTS-69)
# Java VM: Java HotSpot(TM) 64-Bit Server VM (25.0.2+10-LTS-69, mixed mode, sharing, tiered, compressed oops, compressed class ptrs, g1 gc, windows-amd64)
# No core dump will be written. Minidumps are not enabled by default on client versions of Windows
#

---------------  S U M M A R Y ------------

Command Line: -javaagent:C:\Program Files\JetBrains\IntelliJ IDEA Community Edition 2025.2.6.1\lib\idea_rt.jar=64318 -Dfile.encoding=UTF-8 -Dsun.stdout.encoding=UTF-8 -Dsun.stderr.encoding=UTF-8 com.tugas.deploy.DeployApplication

Host: AMD Ryzen 5 5625U with Radeon Graphics         , 12 cores, 5G,  Windows 11 , 64 bit Build 26100 (10.0.26100.7920)
Time: Mon Apr 13 14:57:40 2026 SE Asia Standard Time elapsed time: 2.939456 seconds (0d 0h 0m 2s)

---------------  T H R E A D  ---------------

Current thread (0x0000021112d18f80):  JavaThread "C2 CompilerThread0" daemon [_thread_in_native, id=12396, stack(0x000000a2a7400000,0x000000a2a7500000) (1024K)]


Current CompileTask:
C2:2939 2154       4       jdk.internal.classfile.impl.StackMapGenerator::processBlock (2767 bytes)

Stack: [0x000000a2a7400000,0x000000a2a7500000]
Native frames: (J=compiled Java code, j=interpreted, Vv=VM code, C=native code)
V  [jvm.dll+0x7a70f9]  (no source info available)
V  [jvm.dll+0x772d6d]  (no source info available)
V  [jvm.dll+0x965d53]  (no source info available)
V  [jvm.dll+0x968351]  (no source info available)
V  [jvm.dll+0x968a63]  (no source info available)
V  [jvm.dll+0x2fc846]  (no source info available)
V  [jvm.dll+0x111b16]  (no source info available)
V  [jvm.dll+0x111e3e]  (no source info available)
V  [jvm.dll+0x1a0872]  (no source info available)
V  [jvm.dll+0x3b54c2]  (no source info available)
V  [jvm.dll+0x7aca8f]  (no source info available)
V  [jvm.dll+0x2c0b97]  (no source info available)
V  [jvm.dll+0x2bfb5f]  (no source info available)
V  [jvm.dll+0x2379a0]  (no source info available)
V  [jvm.dll+0x2cfc86]  (no source info available)
V  [jvm.dll+0x2cdf05]  (no source info available)
V  [jvm.dll+0x48e9d1]  (no source info available)
V  [jvm.dll+0x906fcd]  (no source info available)
V  [jvm.dll+0x7a56d5]  (no source info available)
C  [ucrtbase.dll+0x37b0]  (no source info available)
C  [KERNEL32.DLL+0x2e8d7]  (no source info available)
C  [ntdll.dll+0x8c48c]  (no source info available)

Lock stack of current Java thread (top to bottom):


---------------  P R O C E S S  ---------------

Threads class SMR info:
_java_thread_list=0x0000021118740b40, length=14, elements={
0x00000211764f51b0, 0x0000021112d04be0, 0x0000021112d07650, 0x0000021112d0a580,
0x0000021112d0b140, 0x0000021112d0ed20, 0x0000021112d17a20, 0x0000021112d18f80,
0x0000021112d27e30, 0x0000021112d111d0, 0x0000021112d140b0, 0x0000021112d167c0,
0x0000021118273010, 0x0000021118272800
}

Java Threads: ( => current thread )
  0x00000211764f51b0 JavaThread "main"                              [_thread_in_vm, id=20276, stack(0x000000a2a6600000,0x000000a2a6700000) (1024K)]
  0x0000021112d04be0 JavaThread "Reference Handler"          daemon [_thread_blocked, id=32756, stack(0x000000a2a6e00000,0x000000a2a6f00000) (1024K)]
  0x0000021112d07650 JavaThread "Finalizer"                  daemon [_thread_blocked, id=17544, stack(0x000000a2a6f00000,0x000000a2a7000000) (1024K)]
  0x0000021112d0a580 JavaThread "Signal Dispatcher"          daemon [_thread_blocked, id=32252, stack(0x000000a2a7000000,0x000000a2a7100000) (1024K)]
  0x0000021112d0b140 JavaThread "Attach Listener"            daemon [_thread_blocked, id=37040, stack(0x000000a2a7100000,0x000000a2a7200000) (1024K)]
  0x0000021112d0ed20 JavaThread "Service Thread"             daemon [_thread_blocked, id=32412, stack(0x000000a2a7200000,0x000000a2a7300000) (1024K)]
  0x0000021112d17a20 JavaThread "Monitor Deflation Thread"   daemon [_thread_blocked, id=27420, stack(0x000000a2a7300000,0x000000a2a7400000) (1024K)]
=>0x0000021112d18f80 JavaThread "C2 CompilerThread0"         daemon [_thread_in_native, id=12396, stack(0x000000a2a7400000,0x000000a2a7500000) (1024K)]
  0x0000021112d27e30 JavaThread "C1 CompilerThread0"         daemon [_thread_blocked, id=36580, stack(0x000000a2a7500000,0x000000a2a7600000) (1024K)]
  0x0000021112d111d0 JavaThread "Common-Cleaner"             daemon [_thread_blocked, id=15804, stack(0x000000a2a7600000,0x000000a2a7700000) (1024K)]
  0x0000021112d140b0 JavaThread "Monitor Ctrl-Break"         daemon [_thread_in_native, id=256, stack(0x000000a2a7800000,0x000000a2a7900000) (1024K)]
  0x0000021112d167c0 JavaThread "Notification Thread"        daemon [_thread_blocked, id=37012, stack(0x000000a2a7900000,0x000000a2a7a00000) (1024K)]
  0x0000021118273010 JavaThread "C2 CompilerThread1"         daemon [_thread_in_native, id=20312, stack(0x000000a2a7700000,0x000000a2a7800000) (1024K)]
  0x0000021118272800 JavaThread "C2 CompilerThread2"         daemon [_thread_in_native, id=37060, stack(0x000000a2a8000000,0x000000a2a8100000) (1024K)]
Total: 14

Other Threads:
  0x0000021112cf2200 VMThread "VM Thread"                           [id=26548, stack(0x000000a2a6d00000,0x000000a2a6e00000) (1024K)]
  0x0000021112ce6680 WatcherThread "VM Periodic Task Thread"        [id=15644, stack(0x000000a2a6c00000,0x000000a2a6d00000) (1024K)]
  0x000002117653f900 WorkerThread "GC Thread#0"                     [id=4632, stack(0x000000a2a6700000,0x000000a2a6800000) (1024K)]
  0x000002111818a790 WorkerThread "GC Thread#1"                     [id=21416, stack(0x000000a2a7a00000,0x000000a2a7b00000) (1024K)]
  0x0000021117e92380 WorkerThread "GC Thread#2"                     [id=35452, stack(0x000000a2a7b00000,0x000000a2a7c00000) (1024K)]
  0x00000211176cb6f0 WorkerThread "GC Thread#3"                     [id=5612, stack(0x000000a2a7c00000,0x000000a2a7d00000) (1024K)]
  0x00000211176cddc0 WorkerThread "GC Thread#4"                     [id=5044, stack(0x000000a2a7d00000,0x000000a2a7e00000) (1024K)]
  0x00000211176ce660 WorkerThread "GC Thread#5"                     [id=30116, stack(0x000000a2a7e00000,0x000000a2a7f00000) (1024K)]
  0x0000021117ff6e30 WorkerThread "GC Thread#6"                     [id=24960, stack(0x000000a2a7f00000,0x000000a2a8000000) (1024K)]
  0x00000211765522b0 ConcurrentGCThread "G1 Main Marker"            [id=14432, stack(0x000000a2a6800000,0x000000a2a6900000) (1024K)]
  0x0000021176553d40 WorkerThread "G1 Conc#0"                       [id=29104, stack(0x000000a2a6900000,0x000000a2a6a00000) (1024K)]
  0x00000211765ad420 ConcurrentGCThread "G1 Refine#0"               [id=16736, stack(0x000000a2a6a00000,0x000000a2a6b00000) (1024K)]
  0x00000211765ae030 ConcurrentGCThread "G1 Service"                [id=28660, stack(0x000000a2a6b00000,0x000000a2a6c00000) (1024K)]
Total: 13

Threads with active compile tasks:
C2 CompilerThread0  6585 2154       4       jdk.internal.classfile.impl.StackMapGenerator::processBlock (2767 bytes)
C1 CompilerThread0  6585 2600   !   3       java.lang.reflect.Executable::declaredAnnotations (85 bytes)
C2 CompilerThread1  6585 2491       4       java.lang.invoke.MethodType::methodType (69 bytes)
C2 CompilerThread2  6585 2501       4       jdk.internal.jimage.BasicImageReader::getLocationIndex (52 bytes)
Total: 4

VM state: not at safepoint (normal execution)

VM Mutex/Monitor currently owned by a thread:  ([mutex/lock_event])
[0x00007ffa0f707f68] MethodCompileQueue_lock - owner thread: 0x0000021112d27e30

Heap address: 0x00000000a2600000, size: 1498 MB, Compressed Oops mode: 32-bit

CDS archive(s) mapped at: [0x0000000014000000-0x0000000014dd0000-0x0000000014dd0000), size 14483456, SharedBaseAddress: 0x0000000014000000, ArchiveRelocationMode: 1.
Compressed class space mapped at: 0x0000000015000000-0x0000000055000000, reserved size: 1073741824
UseCompressedClassPointers 1, UseCompactObjectHeaders 0
Narrow klass pointer bits 32, Max shift 3
Narrow klass base: 0x0000000014000000, Narrow klass shift: 0
Encoding Range: [0x0000000014000000 - 0x0000000114000000), (4294967296 bytes)
Klass Range:    [0x0000000014010000 - 0x0000000055000000), (1090453504 bytes)
Klass ID Range:  [65536 - 1090519033) (1090453497)
Protection zone: [0x0000000014000000 - 0x0000000014010000), (65536 bytes)

GC Precious Log:
 CardTable entry size: 512
 Card Set container configuration: InlinePtr #cards 5 size 8 Array Of Cards #cards 10 size 36 Howl #buckets 4 coarsen threshold 1843 Howl Bitmap #cards 512 size 80 coarsen threshold 460 Card regions per heap region 1 cards per card region 2048
 CPUs: 12 total, 12 available
 Memory: 5987M
 Large Page Support: Disabled
 NUMA Support: Disabled
 Compressed Oops: Enabled (32-bit)
 Heap Region Size: 1M
 Heap Min Capacity: 8M
 Heap Initial Capacity: 94M
 Heap Max Capacity: 1498M
 Pre-touch: Disabled
 Parallel Workers: 10
 Concurrent Workers: 3
 Concurrent Refinement Workers: 10
 Periodic GC: Disabled

Heap:
 garbage-first heap   total reserved 1533952K, committed 98304K, used 29845K [0x00000000a2600000, 0x0000000100000000)
  region size 1024K, 29 young (29696K), 6 survivors (6144K)

Heap Regions: E=young(eden), S=young(survivor), O=old, HS=humongous(starts), HC=humongous(continues), CS=collection set, F=free, TAMS=top-at-mark-start, PB=parsable bottom
|   0|0x00000000a2600000, 0x00000000a2600000, 0x00000000a2700000|  0%| F|  |TAMS 0x00000000a2600000| PB 0x00000000a2600000| Untracked |  0
|   1|0x00000000a2700000, 0x00000000a2700000, 0x00000000a2800000|  0%| F|  |TAMS 0x00000000a2700000| PB 0x00000000a2700000| Untracked |  0
|   2|0x00000000a2800000, 0x00000000a2800000, 0x00000000a2900000|  0%| F|  |TAMS 0x00000000a2800000| PB 0x00000000a2800000| Untracked |  0
|   3|0x00000000a2900000, 0x00000000a2900000, 0x00000000a2a00000|  0%| F|  |TAMS 0x00000000a2900000| PB 0x00000000a2900000| Untracked |  0
|   4|0x00000000a2a00000, 0x00000000a2a00000, 0x00000000a2b00000|  0%| F|  |TAMS 0x00000000a2a00000| PB 0x00000000a2a00000| Untracked |  0
|   5|0x00000000a2b00000, 0x00000000a2b00000, 0x00000000a2c00000|  0%| F|  |TAMS 0x00000000a2b00000| PB 0x00000000a2b00000| Untracked |  0
|   6|0x00000000a2c00000, 0x00000000a2c00000, 0x00000000a2d00000|  0%| F|  |TAMS 0x00000000a2c00000| PB 0x00000000a2c00000| Untracked |  0
|   7|0x00000000a2d00000, 0x00000000a2d00000, 0x00000000a2e00000|  0%| F|  |TAMS 0x00000000a2d00000| PB 0x00000000a2d00000| Untracked |  0
|   8|0x00000000a2e00000, 0x00000000a2e00000, 0x00000000a2f00000|  0%| F|  |TAMS 0x00000000a2e00000| PB 0x00000000a2e00000| Untracked |  0
|   9|0x00000000a2f00000, 0x00000000a2f00000, 0x00000000a3000000|  0%| F|  |TAMS 0x00000000a2f00000| PB 0x00000000a2f00000| Untracked |  0
|  10|0x00000000a3000000, 0x00000000a3000000, 0x00000000a3100000|  0%| F|  |TAMS 0x00000000a3000000| PB 0x00000000a3000000| Untracked |  0
|  11|0x00000000a3100000, 0x00000000a3100000, 0x00000000a3200000|  0%| F|  |TAMS 0x00000000a3100000| PB 0x00000000a3100000| Untracked |  0
|  12|0x00000000a3200000, 0x00000000a3200000, 0x00000000a3300000|  0%| F|  |TAMS 0x00000000a3200000| PB 0x00000000a3200000| Untracked |  0
|  13|0x00000000a3300000, 0x00000000a3300000, 0x00000000a3400000|  0%| F|  |TAMS 0x00000000a3300000| PB 0x00000000a3300000| Untracked |  0
|  14|0x00000000a3400000, 0x00000000a3400000, 0x00000000a3500000|  0%| F|  |TAMS 0x00000000a3400000| PB 0x00000000a3400000| Untracked |  0
|  15|0x00000000a3500000, 0x00000000a3500000, 0x00000000a3600000|  0%| F|  |TAMS 0x00000000a3500000| PB 0x00000000a3500000| Untracked |  0
|  16|0x00000000a3600000, 0x00000000a3600000, 0x00000000a3700000|  0%| F|  |TAMS 0x00000000a3600000| PB 0x00000000a3600000| Untracked |  0
|  17|0x00000000a3700000, 0x00000000a3700000, 0x00000000a3800000|  0%| F|  |TAMS 0x00000000a3700000| PB 0x00000000a3700000| Untracked |  0
|  18|0x00000000a3800000, 0x00000000a3800000, 0x00000000a3900000|  0%| F|  |TAMS 0x00000000a3800000| PB 0x00000000a3800000| Untracked |  0
|  19|0x00000000a3900000, 0x00000000a3900000, 0x00000000a3a00000|  0%| F|  |TAMS 0x00000000a3900000| PB 0x00000000a3900000| Untracked |  0
|  20|0x00000000a3a00000, 0x00000000a3a00000, 0x00000000a3b00000|  0%| F|  |TAMS 0x00000000a3a00000| PB 0x00000000a3a00000| Untracked |  0
|  21|0x00000000a3b00000, 0x00000000a3b00000, 0x00000000a3c00000|  0%| F|  |TAMS 0x00000000a3b00000| PB 0x00000000a3b00000| Untracked |  0
|  22|0x00000000a3c00000, 0x00000000a3c00000, 0x00000000a3d00000|  0%| F|  |TAMS 0x00000000a3c00000| PB 0x00000000a3c00000| Untracked |  0
|  23|0x00000000a3d00000, 0x00000000a3d00000, 0x00000000a3e00000|  0%| F|  |TAMS 0x00000000a3d00000| PB 0x00000000a3d00000| Untracked |  0
|  24|0x00000000a3e00000, 0x00000000a3e00000, 0x00000000a3f00000|  0%| F|  |TAMS 0x00000000a3e00000| PB 0x00000000a3e00000| Untracked |  0
|  25|0x00000000a3f00000, 0x00000000a3f00000, 0x00000000a4000000|  0%| F|  |TAMS 0x00000000a3f00000| PB 0x00000000a3f00000| Untracked |  0
|  26|0x00000000a4000000, 0x00000000a4000000, 0x00000000a4100000|  0%| F|  |TAMS 0x00000000a4000000| PB 0x00000000a4000000| Untracked |  0
|  27|0x00000000a4100000, 0x00000000a4100000, 0x00000000a4200000|  0%| F|  |TAMS 0x00000000a4100000| PB 0x00000000a4100000| Untracked |  0
|  28|0x00000000a4200000, 0x00000000a4200000, 0x00000000a4300000|  0%| F|  |TAMS 0x00000000a4200000| PB 0x00000000a4200000| Untracked |  0
|  29|0x00000000a4300000, 0x00000000a4300000, 0x00000000a4400000|  0%| F|  |TAMS 0x00000000a4300000| PB 0x00000000a4300000| Untracked |  0
|  30|0x00000000a4400000, 0x00000000a4400000, 0x00000000a4500000|  0%| F|  |TAMS 0x00000000a4400000| PB 0x00000000a4400000| Untracked |  0
|  31|0x00000000a4500000, 0x00000000a4500000, 0x00000000a4600000|  0%| F|  |TAMS 0x00000000a4500000| PB 0x00000000a4500000| Untracked |  0
|  32|0x00000000a4600000, 0x00000000a4600000, 0x00000000a4700000|  0%| F|  |TAMS 0x00000000a4600000| PB 0x00000000a4600000| Untracked |  0
|  33|0x00000000a4700000, 0x00000000a4700000, 0x00000000a4800000|  0%| F|  |TAMS 0x00000000a4700000| PB 0x00000000a4700000| Untracked |  0
|  34|0x00000000a4800000, 0x00000000a4800000, 0x00000000a4900000|  0%| F|  |TAMS 0x00000000a4800000| PB 0x00000000a4800000| Untracked |  0
|  35|0x00000000a4900000, 0x00000000a4900000, 0x00000000a4a00000|  0%| F|  |TAMS 0x00000000a4900000| PB 0x00000000a4900000| Untracked |  0
|  36|0x00000000a4a00000, 0x00000000a4a00000, 0x00000000a4b00000|  0%| F|  |TAMS 0x00000000a4a00000| PB 0x00000000a4a00000| Untracked |  0
|  37|0x00000000a4b00000, 0x00000000a4b00000, 0x00000000a4c00000|  0%| F|  |TAMS 0x00000000a4b00000| PB 0x00000000a4b00000| Untracked |  0
|  38|0x00000000a4c00000, 0x00000000a4c00000, 0x00000000a4d00000|  0%| F|  |TAMS 0x00000000a4c00000| PB 0x00000000a4c00000| Untracked |  0
|  39|0x00000000a4d00000, 0x00000000a4d00000, 0x00000000a4e00000|  0%| F|  |TAMS 0x00000000a4d00000| PB 0x00000000a4d00000| Untracked |  0
|  40|0x00000000a4e00000, 0x00000000a4e00000, 0x00000000a4f00000|  0%| F|  |TAMS 0x00000000a4e00000| PB 0x00000000a4e00000| Untracked |  0
|  41|0x00000000a4f00000, 0x00000000a5000000, 0x00000000a5000000|100%| S|CS|TAMS 0x00000000a4f00000| PB 0x00000000a4f00000| Complete |  0
|  42|0x00000000a5000000, 0x00000000a5100000, 0x00000000a5100000|100%| S|CS|TAMS 0x00000000a5000000| PB 0x00000000a5000000| Complete |  0
|  43|0x00000000a5100000, 0x00000000a5200000, 0x00000000a5200000|100%| S|CS|TAMS 0x00000000a5100000| PB 0x00000000a5100000| Complete |  0
|  44|0x00000000a5200000, 0x00000000a5300000, 0x00000000a5300000|100%| S|CS|TAMS 0x00000000a5200000| PB 0x00000000a5200000| Complete |  0
|  45|0x00000000a5300000, 0x00000000a5400000, 0x00000000a5400000|100%| S|CS|TAMS 0x00000000a5300000| PB 0x00000000a5300000| Complete |  0
|  46|0x00000000a5400000, 0x00000000a5500000, 0x00000000a5500000|100%| S|CS|TAMS 0x00000000a5400000| PB 0x00000000a5400000| Complete |  0
|  47|0x00000000a5500000, 0x00000000a5500000, 0x00000000a5600000|  0%| F|  |TAMS 0x00000000a5500000| PB 0x00000000a5500000| Untracked |  0
|  48|0x00000000a5600000, 0x00000000a5600000, 0x00000000a5700000|  0%| F|  |TAMS 0x00000000a5600000| PB 0x00000000a5600000| Untracked |  0
|  49|0x00000000a5700000, 0x00000000a5700000, 0x00000000a5800000|  0%| F|  |TAMS 0x00000000a5700000| PB 0x00000000a5700000| Untracked |  0
|  50|0x00000000a5800000, 0x00000000a5800000, 0x00000000a5900000|  0%| F|  |TAMS 0x00000000a5800000| PB 0x00000000a5800000| Untracked |  0
|  51|0x00000000a5900000, 0x00000000a5900000, 0x00000000a5a00000|  0%| F|  |TAMS 0x00000000a5900000| PB 0x00000000a5900000| Untracked |  0
|  52|0x00000000a5a00000, 0x00000000a5a00000, 0x00000000a5b00000|  0%| F|  |TAMS 0x00000000a5a00000| PB 0x00000000a5a00000| Untracked |  0
|  53|0x00000000a5b00000, 0x00000000a5b00000, 0x00000000a5c00000|  0%| F|  |TAMS 0x00000000a5b00000| PB 0x00000000a5b00000| Untracked |  0
|  54|0x00000000a5c00000, 0x00000000a5c00000, 0x00000000a5d00000|  0%| F|  |TAMS 0x00000000a5c00000| PB 0x00000000a5c00000| Untracked |  0
|  55|0x00000000a5d00000, 0x00000000a5d00000, 0x00000000a5e00000|  0%| F|  |TAMS 0x00000000a5d00000| PB 0x00000000a5d00000| Untracked |  0
|  56|0x00000000a5e00000, 0x00000000a5e00000, 0x00000000a5f00000|  0%| F|  |TAMS 0x00000000a5e00000| PB 0x00000000a5e00000| Untracked |  0
|  57|0x00000000a5f00000, 0x00000000a5f00000, 0x00000000a6000000|  0%| F|  |TAMS 0x00000000a5f00000| PB 0x00000000a5f00000| Untracked |  0
|  58|0x00000000a6000000, 0x00000000a6000000, 0x00000000a6100000|  0%| F|  |TAMS 0x00000000a6000000| PB 0x00000000a6000000| Untracked |  0
|  59|0x00000000a6100000, 0x00000000a6100000, 0x00000000a6200000|  0%| F|  |TAMS 0x00000000a6100000| PB 0x00000000a6100000| Untracked |  0
|  60|0x00000000a6200000, 0x00000000a6200000, 0x00000000a6300000|  0%| F|  |TAMS 0x00000000a6200000| PB 0x00000000a6200000| Untracked |  0
|  61|0x00000000a6300000, 0x00000000a6300000, 0x00000000a6400000|  0%| F|  |TAMS 0x00000000a6300000| PB 0x00000000a6300000| Untracked |  0
|  62|0x00000000a6400000, 0x00000000a6400000, 0x00000000a6500000|  0%| F|  |TAMS 0x00000000a6400000| PB 0x00000000a6400000| Untracked |  0
|  63|0x00000000a6500000, 0x00000000a6500000, 0x00000000a6600000|  0%| F|  |TAMS 0x00000000a6500000| PB 0x00000000a6500000| Untracked |  0
|  64|0x00000000a6600000, 0x00000000a6600000, 0x00000000a6700000|  0%| F|  |TAMS 0x00000000a6600000| PB 0x00000000a6600000| Untracked |  0
|  65|0x00000000a6700000, 0x00000000a6700000, 0x00000000a6800000|  0%| F|  |TAMS 0x00000000a6700000| PB 0x00000000a6700000| Untracked |  0
|  66|0x00000000a6800000, 0x00000000a6800000, 0x00000000a6900000|  0%| F|  |TAMS 0x00000000a6800000| PB 0x00000000a6800000| Untracked |  0
|  67|0x00000000a6900000, 0x00000000a6900000, 0x00000000a6a00000|  0%| F|  |TAMS 0x00000000a6900000| PB 0x00000000a6900000| Untracked |  0
|  68|0x00000000a6a00000, 0x00000000a6a00000, 0x00000000a6b00000|  0%| F|  |TAMS 0x00000000a6a00000| PB 0x00000000a6a00000| Untracked |  0
|  69|0x00000000a6b00000, 0x00000000a6b00000, 0x00000000a6c00000|  0%| F|  |TAMS 0x00000000a6b00000| PB 0x00000000a6b00000| Untracked |  0
|  70|0x00000000a6c00000, 0x00000000a6c00000, 0x00000000a6d00000|  0%| F|  |TAMS 0x00000000a6c00000| PB 0x00000000a6c00000| Untracked |  0
|  71|0x00000000a6d00000, 0x00000000a6d844e0, 0x00000000a6e00000| 51%| E|  |TAMS 0x00000000a6d00000| PB 0x00000000a6d00000| Complete |  0
|  72|0x00000000a6e00000, 0x00000000a6f00000, 0x00000000a6f00000|100%| E|CS|TAMS 0x00000000a6e00000| PB 0x00000000a6e00000| Complete |  0
|  73|0x00000000a6f00000, 0x00000000a7000000, 0x00000000a7000000|100%| E|CS|TAMS 0x00000000a6f00000| PB 0x00000000a6f00000| Complete |  0
|  74|0x00000000a7000000, 0x00000000a7100000, 0x00000000a7100000|100%| E|CS|TAMS 0x00000000a7000000| PB 0x00000000a7000000| Complete |  0
|  75|0x00000000a7100000, 0x00000000a7200000, 0x00000000a7200000|100%| E|CS|TAMS 0x00000000a7100000| PB 0x00000000a7100000| Complete |  0
|  76|0x00000000a7200000, 0x00000000a7300000, 0x00000000a7300000|100%| E|CS|TAMS 0x00000000a7200000| PB 0x00000000a7200000| Complete |  0
|  77|0x00000000a7300000, 0x00000000a7400000, 0x00000000a7400000|100%| E|CS|TAMS 0x00000000a7300000| PB 0x00000000a7300000| Complete |  0
|  78|0x00000000a7400000, 0x00000000a7500000, 0x00000000a7500000|100%| E|CS|TAMS 0x00000000a7400000| PB 0x00000000a7400000| Complete |  0
|  79|0x00000000a7500000, 0x00000000a7600000, 0x00000000a7600000|100%| E|CS|TAMS 0x00000000a7500000| PB 0x00000000a7500000| Complete |  0
|  80|0x00000000a7600000, 0x00000000a7700000, 0x00000000a7700000|100%| E|CS|TAMS 0x00000000a7600000| PB 0x00000000a7600000| Complete |  0
|  81|0x00000000a7700000, 0x00000000a7800000, 0x00000000a7800000|100%| E|CS|TAMS 0x00000000a7700000| PB 0x00000000a7700000| Complete |  0
|  82|0x00000000a7800000, 0x00000000a7900000, 0x00000000a7900000|100%| E|CS|TAMS 0x00000000a7800000| PB 0x00000000a7800000| Complete |  0
|  83|0x00000000a7900000, 0x00000000a7a00000, 0x00000000a7a00000|100%| E|CS|TAMS 0x00000000a7900000| PB 0x00000000a7900000| Complete |  0
|  84|0x00000000a7a00000, 0x00000000a7b00000, 0x00000000a7b00000|100%| E|CS|TAMS 0x00000000a7a00000| PB 0x00000000a7a00000| Complete |  0
|  85|0x00000000a7b00000, 0x00000000a7c00000, 0x00000000a7c00000|100%| E|CS|TAMS 0x00000000a7b00000| PB 0x00000000a7b00000| Complete |  0
|  86|0x00000000a7c00000, 0x00000000a7d00000, 0x00000000a7d00000|100%| E|CS|TAMS 0x00000000a7c00000| PB 0x00000000a7c00000| Complete |  0
|  87|0x00000000a7d00000, 0x00000000a7e00000, 0x00000000a7e00000|100%| E|CS|TAMS 0x00000000a7d00000| PB 0x00000000a7d00000| Complete |  0
|  88|0x00000000a7e00000, 0x00000000a7f00000, 0x00000000a7f00000|100%| E|CS|TAMS 0x00000000a7e00000| PB 0x00000000a7e00000| Complete |  0
|  89|0x00000000a7f00000, 0x00000000a8000000, 0x00000000a8000000|100%| E|CS|TAMS 0x00000000a7f00000| PB 0x00000000a7f00000| Complete |  0
|  90|0x00000000a8000000, 0x00000000a8100000, 0x00000000a8100000|100%| E|CS|TAMS 0x00000000a8000000| PB 0x00000000a8000000| Complete |  0
|  91|0x00000000a8100000, 0x00000000a8200000, 0x00000000a8200000|100%| E|CS|TAMS 0x00000000a8100000| PB 0x00000000a8100000| Complete |  0
|  92|0x00000000a8200000, 0x00000000a8300000, 0x00000000a8300000|100%| E|CS|TAMS 0x00000000a8200000| PB 0x00000000a8200000| Complete |  0
|  93|0x00000000a8300000, 0x00000000a8400000, 0x00000000a8400000|100%| E|CS|TAMS 0x00000000a8300000| PB 0x00000000a8300000| Complete |  0
|1496|0x00000000ffe00000, 0x00000000fff00000, 0x00000000fff00000|100%| O|  |TAMS 0x00000000ffe00000| PB 0x00000000ffe00000| Untracked |  0
|1497|0x00000000fff00000, 0x00000000fff257b8, 0x0000000100000000| 14%| O|  |TAMS 0x00000000fff00000| PB 0x00000000fff00000| Untracked |  0

Card table byte_map: [0x000002117f5d0000,0x000002117f8c0000] _byte_map_base: 0x000002117f0bd000

Marking Bits: (CMBitMap*) 0x0000021176540090
 Bits: [0x000002110f000000, 0x0000021110768000)

Polling page: 0x00000211742a0000

Metaspace:
Metaspace        used 18505K, committed 18752K, reserved 1114112K
 class space     used 2398K, committed 2496K, reserved 1048576K

Usage:
  Non-class:     15.73 MB used.
      Class:      2.34 MB used.
       Both:     18.07 MB used.

Virtual space:
  Non-class space:       64.00 MB reserved,      15.88 MB ( 25%) committed,  1 nodes.
      Class space:        1.00 GB reserved,       2.44 MB ( <1%) committed,  1 nodes.
             Both:        1.06 GB reserved,      18.31 MB (  2%) committed. 

Chunk freelists:
   Non-Class:  15.89 MB
       Class:  13.45 MB
        Both:  29.34 MB

MaxMetaspaceSize: unlimited
CompressedClassSpaceSize: 1.00 GB
Initial GC threshold: 21.00 MB
Current GC threshold: 21.00 MB
CDS: on
 - commit_granule_bytes: 65536.
 - commit_granule_words: 8192.
 - virtual_space_node_default_size: 8388608.
 - enlarge_chunks_in_place: 1.
UseCompressedClassPointers 1, UseCompactObjectHeaders 0
Narrow klass pointer bits 32, Max shift 3
Narrow klass base: 0x0000000014000000, Narrow klass shift: 0
Encoding Range: [0x0000000014000000 - 0x0000000114000000), (4294967296 bytes)
Klass Range:    [0x0000000014010000 - 0x0000000055000000), (1090453504 bytes)
Klass ID Range:  [65536 - 1090519033) (1090453497)
Protection zone: [0x0000000014000000 - 0x0000000014010000), (65536 bytes)


Internal statistics:

num_allocs_failed_limit: 0.
num_arena_births: 198.
num_arena_deaths: 0.
num_vsnodes_births: 2.
num_vsnodes_deaths: 0.
num_space_committed: 293.
num_space_uncommitted: 0.
num_chunks_returned_to_freelist: 0.
num_chunks_taken_from_freelist: 802.
num_chunk_merges: 0.
num_chunk_splits: 550.
num_chunks_enlarged: 433.
num_inconsistent_stats: 0.

CodeHeap 'non-profiled nmethods': size=120064Kb used=729Kb max_used=729Kb free=119334Kb
 bounds [0x0000021107ac0000, 0x0000021107d30000, 0x000002110f000000]
CodeHeap 'profiled nmethods': size=120000Kb used=4003Kb max_used=4003Kb free=115996Kb
 bounds [0x0000021100000000, 0x00000211003f0000, 0x0000021107530000]
CodeHeap 'non-nmethods': size=5696Kb used=1425Kb max_used=1449Kb free=4270Kb
 bounds [0x0000021107530000, 0x00000211077a0000, 0x0000021107ac0000]
CodeCache: size=245760Kb, used=6157Kb, max_used=6181Kb, free=239600Kb
 total_blobs=3146, nmethods=2603, adapters=443, full_count=0
Compilation: enabled, stopped_count=0, restarted_count=0

Compilation events (20 events):
Event: 1.760 Thread 0x0000021112d27e30 2327       3       java.util.concurrent.ConcurrentHashMap$EntryIterator::next (51 bytes)
Event: 1.760 Thread 0x0000021112d27e30 nmethod 2327 0x0000021100361308 code [0x0000021100361400, 0x0000021100361978]
Event: 1.760 Thread 0x0000021112d27e30 2328       3       java.util.concurrent.ConcurrentHashMap$MapEntry::<init> (20 bytes)
Event: 1.761 Thread 0x0000021112d27e30 nmethod 2328 0x0000021100361988 code [0x0000021100361a80, 0x0000021100361cf8]
Event: 1.761 Thread 0x0000021112d27e30 2329       3       java.util.concurrent.ConcurrentHashMap::sumCount (60 bytes)
Event: 1.761 Thread 0x0000021112d27e30 nmethod 2329 0x0000021100361d08 code [0x0000021100361e00, 0x0000021100362030]
Event: 1.776 Thread 0x0000021112d27e30 2331       3       java.lang.NamedPackage::<init> (59 bytes)
Event: 1.776 Thread 0x0000021112d27e30 nmethod 2331 0x0000021100362088 code [0x0000021100362180, 0x0000021100362fc0]
Event: 1.782 Thread 0x0000021112d27e30 2332  s    3       java.io.ByteArrayOutputStream::write (43 bytes)
Event: 1.782 Thread 0x0000021112d27e30 nmethod 2332 0x0000021100363008 code [0x0000021100363100, 0x0000021100363618]
Event: 1.787 Thread 0x0000021112d27e30 2333       3       java.util.LinkedHashMap::<init> (17 bytes)
Event: 1.788 Thread 0x0000021112d27e30 nmethod 2333 0x0000021100363688 code [0x0000021100363780, 0x00000211003638d0]
Event: 1.788 Thread 0x0000021112d27e30 2334       3       java.util.HashSet::<init> (18 bytes)
Event: 1.788 Thread 0x0000021112d27e30 nmethod 2334 0x0000021100363988 code [0x0000021100363a80, 0x0000021100363e10]
Event: 1.788 Thread 0x0000021112d27e30 2335       3       java.lang.Integer::numberOfTrailingZeros (80 bytes)
Event: 1.788 Thread 0x0000021112d27e30 nmethod 2335 0x0000021100363e88 code [0x0000021100363f80, 0x00000211003641a0]
Event: 1.789 Thread 0x0000021112d27e30 2336       3       java.util.Properties::getProperty (50 bytes)
Event: 1.789 Thread 0x0000021112d27e30 nmethod 2336 0x0000021100364208 code [0x0000021100364300, 0x0000021100364780]
Event: 2.795 Thread 0x0000021112d27e30 2337       3       java.lang.String::compareTo (9 bytes)
Event: 2.795 Thread 0x0000021112d27e30 nmethod 2337 0x0000021100364788 code [0x0000021100364880, 0x0000021100364b00]

GC Heap Usage History (2 events):
Event: 1.496 {heap Before GC invocations=0 (full 0):
 garbage-first heap   total reserved 1533952K, committed 98304K, used 49301K [0x00000000a2600000, 0x0000000100000000)
  region size 1024K, 47 young (48128K), 0 survivors (0K)
}
Event: 1.504 {heap After GC invocations=1 (full 0):
 garbage-first heap   total reserved 1533952K, committed 98304K, used 7317K [0x00000000a2600000, 0x0000000100000000)
  region size 1024K, 6 young (6144K), 6 survivors (6144K)
}

Metaspace Usage History (2 events):
Event: 1.496 {metaspace Before GC invocations=0 (full 0):
 Metaspace       used 13206K, committed 13504K, reserved 1114112K
  class space    used 1658K, committed 1792K, reserved 1048576K
}
Event: 1.505 {metaspace After GC invocations=1 (full 0):
 Metaspace       used 13206K, committed 13504K, reserved 1114112K
  class space    used 1658K, committed 1792K, reserved 1048576K
}

Dll operation events (9 events):
Event: 0.017 Loaded shared library C:\Program Files\Java\jdk-25.0.2\bin\java.dll
Event: 0.174 Loaded shared library C:\Program Files\Java\jdk-25.0.2\bin\zip.dll
Event: 0.179 Loaded shared library C:\Program Files\Java\jdk-25.0.2\bin\instrument.dll
Event: 0.186 Loaded shared library C:\Program Files\Java\jdk-25.0.2\bin\net.dll
Event: 0.189 Loaded shared library C:\Program Files\Java\jdk-25.0.2\bin\nio.dll
Event: 0.194 Loaded shared library C:\Program Files\Java\jdk-25.0.2\bin\zip.dll
Event: 0.341 Loaded shared library C:\Program Files\Java\jdk-25.0.2\bin\extnet.dll
Event: 0.358 Loaded shared library C:\Program Files\Java\jdk-25.0.2\bin\jimage.dll
Event: 1.690 Loaded shared library C:\Program Files\Java\jdk-25.0.2\bin\sunmscapi.dll

Deoptimization events (20 events):
Event: 1.652 Thread 0x00000211764f51b0 Uncommon trap: trap_request=0xffffff45 fr.pc=0x0000021107ad994c relative=0x000000000000004c
Event: 1.652 Thread 0x00000211764f51b0 Uncommon trap: reason=unstable_if action=reinterpret pc=0x0000021107ad994c method=sun.nio.fs.WindowsPathParser.isSlash(C)Z @ 9 c2
Event: 1.652 Thread 0x00000211764f51b0 DEOPT PACKING pc=0x0000021107ad994c sp=0x000000a2a66fe4e0
Event: 1.652 Thread 0x00000211764f51b0 DEOPT UNPACKING pc=0x000002110764e982 sp=0x000000a2a66fe468 mode 2
Event: 1.672 Thread 0x0000021112d0fa60 Uncommon trap: trap_request=0xffffffde fr.pc=0x0000021107b1c9b4 relative=0x00000000000008b4
Event: 1.672 Thread 0x0000021112d0fa60 Uncommon trap: reason=class_check action=maybe_recompile pc=0x0000021107b1c9b4 method=java.util.HashMap.putVal(ILjava/lang/Object;Ljava/lang/Object;ZZ)Ljava/lang/Object; @ 203 c2
Event: 1.672 Thread 0x0000021112d0fa60 DEOPT PACKING pc=0x0000021107b1c9b4 sp=0x000000a2a77fd800
Event: 1.672 Thread 0x0000021112d0fa60 DEOPT UNPACKING pc=0x000002110764e982 sp=0x000000a2a77fd708 mode 2
Event: 1.672 Thread 0x0000021112d0fa60 Uncommon trap: trap_request=0xffffffde fr.pc=0x0000021107b1dc78 relative=0x00000000000007f8
Event: 1.672 Thread 0x0000021112d0fa60 Uncommon trap: reason=class_check action=maybe_recompile pc=0x0000021107b1dc78 method=java.util.HashMap.putVal(ILjava/lang/Object;Ljava/lang/Object;ZZ)Ljava/lang/Object; @ 203 c2
Event: 1.672 Thread 0x0000021112d0fa60 DEOPT PACKING pc=0x0000021107b1dc78 sp=0x000000a2a77fd770
Event: 1.672 Thread 0x0000021112d0fa60 DEOPT UNPACKING pc=0x000002110764e982 sp=0x000000a2a77fd710 mode 2
Event: 1.724 Thread 0x00000211764f51b0 Uncommon trap: trap_request=0xffffff45 fr.pc=0x0000021107ad4500 relative=0x0000000000000280
Event: 1.724 Thread 0x00000211764f51b0 Uncommon trap: reason=unstable_if action=reinterpret pc=0x0000021107ad4500 method=jdk.internal.util.ArraysSupport.hashCodeOfUnsigned([BIII)I @ 1 c2
Event: 1.724 Thread 0x00000211764f51b0 DEOPT PACKING pc=0x0000021107ad4500 sp=0x000000a2a66fe8f0
Event: 1.724 Thread 0x00000211764f51b0 DEOPT UNPACKING pc=0x000002110764e982 sp=0x000000a2a66fe870 mode 2
Event: 1.724 Thread 0x00000211764f51b0 Uncommon trap: trap_request=0xffffff45 fr.pc=0x0000021107ac94a8 relative=0x00000000000000a8
Event: 1.724 Thread 0x00000211764f51b0 Uncommon trap: reason=unstable_if action=reinterpret pc=0x0000021107ac94a8 method=java.lang.String.hashCode()I @ 42 c2
Event: 1.724 Thread 0x00000211764f51b0 DEOPT PACKING pc=0x0000021107ac94a8 sp=0x000000a2a66fe920
Event: 1.724 Thread 0x00000211764f51b0 DEOPT UNPACKING pc=0x000002110764e982 sp=0x000000a2a66fe8b0 mode 2

Classes loaded (20 events):
Event: 1.717 Loading class jdk/internal/classfile/impl/BoundAttribute$BoundBootstrapMethodsAttribute
Event: 1.717 Loading class java/lang/classfile/attribute/BootstrapMethodsAttribute
Event: 1.717 Loading class java/lang/classfile/attribute/BootstrapMethodsAttribute done
Event: 1.717 Loading class jdk/internal/classfile/impl/BoundAttribute$BoundBootstrapMethodsAttribute done
Event: 1.717 Loading class jdk/internal/classfile/impl/AbstractAttributeMapper$InnerClassesMapper
Event: 1.717 Loading class jdk/internal/classfile/impl/AbstractAttributeMapper$InnerClassesMapper done
Event: 1.717 Loading class jdk/internal/classfile/impl/BoundAttribute$BoundInnerClassesAttribute
Event: 1.717 Loading class jdk/internal/classfile/impl/BoundAttribute$BoundInnerClassesAttribute done
Event: 1.717 Loading class jdk/internal/classfile/impl/AbstractAttributeMapper$RuntimeInvisibleAnnotationsMapper
Event: 1.717 Loading class jdk/internal/classfile/impl/AbstractAttributeMapper$RuntimeInvisibleAnnotationsMapper done
Event: 1.717 Loading class jdk/internal/classfile/impl/BoundAttribute$BoundRuntimeInvisibleAnnotationsAttribute
Event: 1.718 Loading class java/lang/classfile/attribute/RuntimeInvisibleAnnotationsAttribute
Event: 1.718 Loading class java/lang/classfile/attribute/RuntimeInvisibleAnnotationsAttribute done
Event: 1.718 Loading class jdk/internal/classfile/impl/BoundAttribute$BoundRuntimeInvisibleAnnotationsAttribute done
Event: 1.719 Loading class java/lang/classfile/attribute/InnerClassInfo
Event: 1.720 Loading class java/lang/classfile/attribute/InnerClassInfo done
Event: 1.720 Loading class jdk/internal/classfile/impl/UnboundAttribute$UnboundInnerClassInfo
Event: 1.721 Loading class jdk/internal/classfile/impl/UnboundAttribute$UnboundInnerClassInfo done
Event: 1.766 Loading class java/lang/Thread$ThreadNumbering
Event: 1.766 Loading class java/lang/Thread$ThreadNumbering done

Classes unloaded (0 events):
No events

Classes redefined (0 events):
No events

Internal exceptions (20 events):
Event: 1.188 Thread 0x00000211764f51b0 Exception <a 'java/lang/NoSuchMethodError'{0x00000000a684f800}: 'java.lang.Object java.lang.invoke.Invokers$Holder.linkToTargetMethod(java.lang.Object, java.lang.Object, int, java.lang.Object, java.lang.Object)'> (0x00000000a684f800) 
thrown [s\open\src\hotspot\share\interpreter\linkResolver.cpp, line 804]
Event: 1.189 Thread 0x00000211764f51b0 Exception <a 'java/lang/NoSuchMethodError'{0x00000000a686b070}: 'java.lang.Object java.lang.invoke.DirectMethodHandle$Holder.newInvokeSpecial(java.lang.Object, int, java.lang.Object)'> (0x00000000a686b070) 
thrown [s\open\src\hotspot\share\interpreter\linkResolver.cpp, line 804]
Event: 1.190 Thread 0x00000211764f51b0 Exception <a 'java/lang/NoSuchMethodError'{0x00000000a6874660}: 'int java.lang.invoke.DirectMethodHandle$Holder.invokeSpecialIFC(java.lang.Object, java.lang.Object, java.lang.Object, java.lang.Object)'> (0x00000000a6874660) 
thrown [s\open\src\hotspot\share\interpreter\linkResolver.cpp, line 804]
Event: 1.220 Thread 0x00000211764f51b0 Exception <a 'java/lang/NoSuchMethodError'{0x00000000a6756400}: 'void java.lang.invoke.DirectMethodHandle$Holder.invokeInterface(java.lang.Object, java.lang.Object, java.lang.Object)'> (0x00000000a6756400) 
thrown [s\open\src\hotspot\share\interpreter\linkResolver.cpp, line 804]
Event: 1.239 Thread 0x00000211764f51b0 Exception <a 'java/lang/NoSuchMethodError'{0x00000000a67e2220}: 'void java.lang.invoke.DirectMethodHandle$Holder.invokeStaticInit(java.lang.Object, java.lang.Object, java.lang.Object)'> (0x00000000a67e2220) 
thrown [s\open\src\hotspot\share\interpreter\linkResolver.cpp, line 804]
Event: 1.244 Thread 0x00000211764f51b0 Exception <a 'java/lang/NoSuchMethodError'{0x00000000a660efa8}: 'java.lang.Object java.lang.invoke.DirectMethodHandle$Holder.invokeVirtual(java.lang.Object, java.lang.Object, java.lang.Object)'> (0x00000000a660efa8) 
thrown [s\open\src\hotspot\share\interpreter\linkResolver.cpp, line 804]
Event: 1.270 Thread 0x00000211764f51b0 Exception <a 'java/lang/NoSuchMethodError'{0x00000000a66e4db8}: 'void java.lang.invoke.DirectMethodHandle$Holder.invokeVirtual(java.lang.Object, java.lang.Object, java.lang.Object, java.lang.Object)'> (0x00000000a66e4db8) 
thrown [s\open\src\hotspot\share\interpreter\linkResolver.cpp, line 804]
Event: 1.361 Thread 0x00000211764f51b0 Exception <a 'java/lang/IncompatibleClassChangeError'{0x00000000a6035a18}: Found class java.lang.Object, but interface was expected> (0x00000000a6035a18) 
thrown [s\open\src\hotspot\share\interpreter\linkResolver.cpp, line 871]
Event: 1.393 Thread 0x0000021112d0fa60 Exception <a 'java/lang/NoSuchMethodError'{0x00000000a5ee91e8}: 'java.lang.Object java.lang.invoke.Invokers$Holder.linkToTargetMethod(java.lang.Object, int, java.lang.Object, java.lang.Object)'> (0x00000000a5ee91e8) 
thrown [s\open\src\hotspot\share\interpreter\linkResolver.cpp, line 804]
Event: 1.567 Thread 0x0000021112d0fa60 Exception <a 'java/lang/NoSuchMethodError'{0x00000000a7e2a9e8}: 'long java.lang.invoke.DirectMethodHandle$Holder.invokeSpecial(java.lang.Object, java.lang.Object)'> (0x00000000a7e2a9e8) 
thrown [s\open\src\hotspot\share\interpreter\linkResolver.cpp, line 804]
Event: 1.569 Thread 0x0000021112d0fa60 Exception <a 'java/lang/NoSuchMethodError'{0x00000000a7ec8af0}: 'long java.lang.invoke.DirectMethodHandle$Holder.invokeStatic(java.lang.Object, java.lang.Object)'> (0x00000000a7ec8af0) 
thrown [s\open\src\hotspot\share\interpreter\linkResolver.cpp, line 804]
Event: 1.570 Thread 0x0000021112d0fa60 Exception <a 'java/lang/NoSuchMethodError'{0x00000000a7ed0898}: 'long java.lang.invoke.DirectMethodHandle$Holder.invokeStaticInit(java.lang.Object, java.lang.Object)'> (0x00000000a7ed0898) 
thrown [s\open\src\hotspot\share\interpreter\linkResolver.cpp, line 804]
Event: 1.572 Thread 0x0000021112d0fa60 Exception <a 'java/lang/NoSuchMethodError'{0x00000000a7ef5d40}: 'long java.lang.invoke.DirectMethodHandle$Holder.invokeInterface(java.lang.Object, java.lang.Object)'> (0x00000000a7ef5d40) 
thrown [s\open\src\hotspot\share\interpreter\linkResolver.cpp, line 804]
Event: 1.572 Thread 0x0000021112d0fa60 Exception <a 'java/lang/IncompatibleClassChangeError'{0x00000000a7efd9f8}: Found class java.lang.Object, but interface was expected> (0x00000000a7efd9f8) 
thrown [s\open\src\hotspot\share\interpreter\linkResolver.cpp, line 871]
Event: 1.625 Thread 0x0000021112d0fa60 Exception <a 'java/lang/NoSuchMethodError'{0x00000000a7adc100}: 'java.lang.Object java.lang.invoke.DirectMethodHandle$Holder.newInvokeSpecial(java.lang.Object, java.lang.Object, java.lang.Object, int)'> (0x00000000a7adc100) 
thrown [s\open\src\hotspot\share\interpreter\linkResolver.cpp, line 804]
Event: 1.626 Thread 0x0000021112d0fa60 Exception <a 'java/lang/NoSuchMethodError'{0x00000000a7ae4c18}: 'java.lang.Object java.lang.invoke.Invokers$Holder.linkToTargetMethod(java.lang.Object, java.lang.Object, int, java.lang.Object)'> (0x00000000a7ae4c18) 
thrown [s\open\src\hotspot\share\interpreter\linkResolver.cpp, line 804]
Event: 1.652 Thread 0x00000211764f51b0 Exception <a 'java/lang/NoSuchMethodError'{0x00000000a7827c18}: 'int java.lang.invoke.DirectMethodHandle$Holder.invokeSpecial(java.lang.Object, java.lang.Object, java.lang.Object, java.lang.Object, java.lang.Object)'> (0x00000000a7827c18) 
thrown [s\open\src\hotspot\share\interpreter\linkResolver.cpp, line 804]
Event: 1.656 Thread 0x00000211764f51b0 Exception <a 'java/lang/NoSuchMethodError'{0x00000000a78399e8}: 'void java.lang.invoke.DirectMethodHandle$Holder.invokeVirtual(java.lang.Object, java.lang.Object)'> (0x00000000a78399e8) 
thrown [s\open\src\hotspot\share\interpreter\linkResolver.cpp, line 804]
Event: 1.688 Thread 0x00000211764f51b0 Exception <a 'java/lang/NoSuchMethodError'{0x00000000a7668180}: 'java.lang.Object java.lang.invoke.DirectMethodHandle$Holder.invokeStatic(java.lang.Object, java.lang.Object, int)'> (0x00000000a7668180) 
thrown [s\open\src\hotspot\share\interpreter\linkResolver.cpp, line 804]
Event: 1.790 Thread 0x00000211764f51b0 Exception <a 'java/lang/IncompatibleClassChangeError'{0x00000000a72a9988}: Found class java.lang.Object, but interface was expected> (0x00000000a72a9988) 
thrown [s\open\src\hotspot\share\interpreter\linkResolver.cpp, line 871]

VM Operations (20 events):
Event: 1.336 Executing non-safepoint VM operation: HandshakeAllThreads (Deoptimize)
Event: 1.336 Executing non-safepoint VM operation: HandshakeAllThreads (Deoptimize) done
Event: 1.336 Executing non-safepoint VM operation: HandshakeAllThreads (Deoptimize)
Event: 1.336 Executing non-safepoint VM operation: HandshakeAllThreads (Deoptimize) done
Event: 1.438 Executing non-safepoint VM operation: HandshakeAllThreads (Deoptimize)
Event: 1.438 Executing non-safepoint VM operation: HandshakeAllThreads (Deoptimize) done
Event: 1.496 Executing safepoint VM operation: G1CollectForAllocation (G1 Evacuation Pause)
Event: 1.505 Executing safepoint VM operation: G1CollectForAllocation (G1 Evacuation Pause) done
Event: 1.631 Executing non-safepoint VM operation: HandshakeAllThreads (Deoptimize)
Event: 1.631 Executing non-safepoint VM operation: HandshakeAllThreads (Deoptimize) done
Event: 1.656 Executing non-safepoint VM operation: HandshakeAllThreads (Deoptimize)
Event: 1.656 Executing non-safepoint VM operation: HandshakeAllThreads (Deoptimize) done
Event: 1.666 Executing non-safepoint VM operation: HandshakeAllThreads (Deoptimize)
Event: 1.666 Executing non-safepoint VM operation: HandshakeAllThreads (Deoptimize) done
Event: 1.669 Executing non-safepoint VM operation: HandshakeAllThreads (Deoptimize)
Event: 1.669 Executing non-safepoint VM operation: HandshakeAllThreads (Deoptimize) done
Event: 1.670 Executing non-safepoint VM operation: HandshakeAllThreads (Deoptimize)
Event: 1.670 Executing non-safepoint VM operation: HandshakeAllThreads (Deoptimize) done
Event: 2.795 Executing non-safepoint VM operation: HandshakeAllThreads (Deoptimize)
Event: 2.795 Executing non-safepoint VM operation: HandshakeAllThreads (Deoptimize) done

Memory protections (0 events):
No events

Nmethod flushes (0 events):
No events

Events (18 events):
Event: 0.038 Thread 0x00000211764f51b0 Thread added: 0x00000211764f51b0
Event: 0.054 Thread 0x00000211764f51b0 Thread added: 0x0000021112d04be0
Event: 0.054 Thread 0x00000211764f51b0 Thread added: 0x0000021112d07650
Event: 0.055 Thread 0x00000211764f51b0 Thread added: 0x0000021112d0a580
Event: 0.055 Thread 0x00000211764f51b0 Thread added: 0x0000021112d0b140
Event: 0.055 Thread 0x00000211764f51b0 Thread added: 0x0000021112d0ed20
Event: 0.055 Thread 0x00000211764f51b0 Thread added: 0x0000021112d17a20
Event: 0.055 Thread 0x00000211764f51b0 Thread added: 0x0000021112d18f80
Event: 0.055 Thread 0x00000211764f51b0 Thread added: 0x0000021112d27e30
Event: 0.184 Thread 0x00000211764f51b0 Thread added: 0x0000021112d111d0
Event: 0.235 Thread 0x0000021112d27e30 Thread added: 0x00000211171ac730
Event: 0.316 Thread 0x00000211764f51b0 Thread added: 0x0000021112d140b0
Event: 0.316 Thread 0x00000211764f51b0 Thread added: 0x0000021112d167c0
Event: 0.950 Thread 0x00000211171ac730 Thread exited: 0x00000211171ac730
Event: 1.347 Thread 0x00000211764f51b0 Thread added: 0x0000021112d0fa60
Event: 1.731 Thread 0x0000021112d0fa60 Thread exited: 0x0000021112d0fa60
Event: 1.767 Thread 0x00000211764f51b0 Thread added: 0x0000021117feb930
Event: 1.777 Thread 0x0000021117feb930 Thread exited: 0x0000021117feb930


Dynamic libraries:
0x00007ff6f80f0000 - 0x00007ff6f8100000 	C:\Program Files\Java\jdk-25.0.2\bin\java.exe
0x00007ffab6b00000 - 0x00007ffab6d67000 	C:\Windows\SYSTEM32\ntdll.dll
0x00007ffab4f90000 - 0x00007ffab5059000 	C:\Windows\System32\KERNEL32.DLL
0x00007ffab3880000 - 0x00007ffab3c71000 	C:\Windows\System32\KERNELBASE.dll
0x00007ffab3520000 - 0x00007ffab366b000 	C:\Windows\System32\ucrtbase.dll
0x00007ffaaab90000 - 0x00007ffaaaba7000 	C:\Program Files\Java\jdk-25.0.2\bin\jli.dll
0x00007ffaaa650000 - 0x00007ffaaa66e000 	C:\Program Files\Java\jdk-25.0.2\bin\VCRUNTIME140.dll
0x00007ffab4d50000 - 0x00007ffab4f15000 	C:\Windows\System32\USER32.dll
0x00007ffaa2d20000 - 0x00007ffaa2fb3000 	C:\Windows\WinSxS\amd64_microsoft.windows.common-controls_6595b64144ccf1df_6.0.26100.8037_none_3e092faae333b53b\COMCTL32.dll
0x00007ffab3670000 - 0x00007ffab3697000 	C:\Windows\System32\win32u.dll
0x00007ffab5090000 - 0x00007ffab5139000 	C:\Windows\System32\msvcrt.dll
0x00007ffab6560000 - 0x00007ffab658b000 	C:\Windows\System32\GDI32.dll
0x00007ffab3750000 - 0x00007ffab387b000 	C:\Windows\System32\gdi32full.dll
0x00007ffab36a0000 - 0x00007ffab3743000 	C:\Windows\System32\msvcp_win.dll
0x00007ffab5260000 - 0x00007ffab5291000 	C:\Windows\System32\IMM32.DLL
0x00007ffab0720000 - 0x00007ffab072c000 	C:\Program Files\Java\jdk-25.0.2\bin\vcruntime140_1.dll
0x00007ffa67bd0000 - 0x00007ffa67c5d000 	C:\Program Files\Java\jdk-25.0.2\bin\msvcp140.dll
0x00007ffa0e990000 - 0x00007ffa0f7ef000 	C:\Program Files\Java\jdk-25.0.2\bin\server\jvm.dll
0x00007ffab6250000 - 0x00007ffab630b000 	C:\Windows\System32\ADVAPI32.dll
0x00007ffab64b0000 - 0x00007ffab6557000 	C:\Windows\System32\sechost.dll
0x00007ffab5140000 - 0x00007ffab5258000 	C:\Windows\System32\RPCRT4.dll
0x00007ffab5340000 - 0x00007ffab53b4000 	C:\Windows\System32\WS2_32.dll
0x00007ffab3240000 - 0x00007ffab329e000 	C:\Windows\SYSTEM32\POWRPROF.dll
0x00007ffab0470000 - 0x00007ffab04a5000 	C:\Windows\SYSTEM32\WINMM.dll
0x00007ffaab150000 - 0x00007ffaab15b000 	C:\Windows\SYSTEM32\VERSION.dll
0x00007ffab3170000 - 0x00007ffab3184000 	C:\Windows\SYSTEM32\UMPDC.dll
0x00007ffab2170000 - 0x00007ffab218b000 	C:\Windows\SYSTEM32\kernel.appcore.dll
0x00007ffab0630000 - 0x00007ffab063a000 	C:\Program Files\Java\jdk-25.0.2\bin\jimage.dll
0x00007ffab0f30000 - 0x00007ffab1172000 	C:\Windows\SYSTEM32\DBGHELP.DLL
0x00007ffab53d0000 - 0x00007ffab5752000 	C:\Windows\System32\combase.dll
0x00007ffab5760000 - 0x00007ffab5837000 	C:\Windows\System32\OLEAUT32.dll
0x00007ffab0430000 - 0x00007ffab046b000 	C:\Windows\SYSTEM32\dbgcore.DLL
0x00007ffab3470000 - 0x00007ffab3515000 	C:\Windows\System32\bcryptPrimitives.dll
0x00007ffaa7940000 - 0x00007ffaa7950000 	C:\Program Files\Java\jdk-25.0.2\bin\instrument.dll
0x00007ffaa7e10000 - 0x00007ffaa7e2f000 	C:\Program Files\Java\jdk-25.0.2\bin\java.dll
0x00007ffab5940000 - 0x00007ffab5ad5000 	C:\Windows\System32\ole32.dll
0x00007ffab5ae0000 - 0x00007ffab623f000 	C:\Windows\System32\SHELL32.dll
0x00007ffab4730000 - 0x00007ffab489a000 	C:\Windows\System32\wintypes.dll
0x00007ffab3d40000 - 0x00007ffab45a4000 	C:\Windows\System32\windows.storage.dll
0x00007ffab6680000 - 0x00007ffab6777000 	C:\Windows\System32\SHCORE.dll
0x00007ffab4f20000 - 0x00007ffab4f87000 	C:\Windows\System32\shlwapi.dll
0x00007ffab3300000 - 0x00007ffab3329000 	C:\Windows\SYSTEM32\profapi.dll
0x00007ffaa7960000 - 0x00007ffaa7977000 	C:\Program Files\Java\jdk-25.0.2\bin\zip.dll
0x00007ffaa79c0000 - 0x00007ffaa79d2000 	C:\Program Files\Java\jdk-25.0.2\bin\net.dll
0x00007ffab26e0000 - 0x00007ffab274b000 	C:\Windows\system32\mswsock.dll
0x00007ffaa79a0000 - 0x00007ffaa79b6000 	C:\Program Files\Java\jdk-25.0.2\bin\nio.dll
0x00007ffaaa640000 - 0x00007ffaaa649000 	C:\Program Files\Java\jdk-25.0.2\bin\extnet.dll
0x00007ffab05a0000 - 0x00007ffab05ae000 	C:\Program Files\Java\jdk-25.0.2\bin\sunmscapi.dll
0x00007ffab45b0000 - 0x00007ffab4727000 	C:\Windows\System32\CRYPT32.dll
0x00007ffab2be0000 - 0x00007ffab2c10000 	C:\Windows\SYSTEM32\ncrypt.dll
0x00007ffab2b90000 - 0x00007ffab2bcf000 	C:\Windows\SYSTEM32\NTASN1.dll

JVMTI agents:
C:\Program Files\JetBrains\IntelliJ IDEA Community Edition 2025.2.6.1\lib\idea_rt.jar path:C:\Program Files\Java\jdk-25.0.2\bin\instrument.dll, loaded, initialized, instrumentlib options:64318

dbghelp: loaded successfully - version: 4.0.5 - missing functions: none
symbol engine: initialized successfully - sym options: 0x614 - pdb path: .;C:\Program Files\Java\jdk-25.0.2\bin;C:\Windows\SYSTEM32;C:\Windows\WinSxS\amd64_microsoft.windows.common-controls_6595b64144ccf1df_6.0.26100.8037_none_3e092faae333b53b;C:\Program Files\Java\jdk-25.0.2\bin\server

VM Arguments:
jvm_args: -javaagent:C:\Program Files\JetBrains\IntelliJ IDEA Community Edition 2025.2.6.1\lib\idea_rt.jar=64318 -Dfile.encoding=UTF-8 -Dsun.stdout.encoding=UTF-8 -Dsun.stderr.encoding=UTF-8 
java_command: com.tugas.deploy.DeployApplication
java_class_path (initial): D:\Semester 6\Deployment\Praktikum\deployy\deploy\target\classes;C:\Users\Lenovo\.m2\repository\org\springframework\boot\spring-boot-starter-thymeleaf\4.0.5\spring-boot-starter-thymeleaf-4.0.5.jar;C:\Users\Lenovo\.m2\repository\org\springframework\boot\spring-boot-starter\4.0.5\spring-boot-starter-4.0.5.jar;C:\Users\Lenovo\.m2\repository\org\springframework\boot\spring-boot-starter-logging\4.0.5\spring-boot-starter-logging-4.0.5.jar;C:\Users\Lenovo\.m2\repository\ch\qos\logback\logback-classic\1.5.32\logback-classic-1.5.32.jar;C:\Users\Lenovo\.m2\repository\ch\qos\logback\logback-core\1.5.32\logback-core-1.5.32.jar;C:\Users\Lenovo\.m2\repository\org\apache\logging\log4j\log4j-to-slf4j\2.25.3\log4j-to-slf4j-2.25.3.jar;C:\Users\Lenovo\.m2\repository\org\apache\logging\log4j\log4j-api\2.25.3\log4j-api-2.25.3.jar;C:\Users\Lenovo\.m2\repository\org\slf4j\jul-to-slf4j\2.0.17\jul-to-slf4j-2.0.17.jar;C:\Users\Lenovo\.m2\repository\org\springframework\boot\spring-boot-autoconfigure\4.0.5\spring-boot-autoconfigure-4.0.5.jar;C:\Users\Lenovo\.m2\repository\jakarta\annotation\jakarta.annotation-api\3.0.0\jakarta.annotation-api-3.0.0.jar;C:\Users\Lenovo\.m2\repository\org\yaml\snakeyaml\2.5\snakeyaml-2.5.jar;C:\Users\Lenovo\.m2\repository\org\springframework\boot\spring-boot-thymeleaf\4.0.5\spring-boot-thymeleaf-4.0.5.jar;C:\Users\Lenovo\.m2\repository\org\springframework\boot\spring-boot\4.0.5\spring-boot-4.0.5.jar;C:\Users\Lenovo\.m2\repository\org\springframework\spring-context\7.0.6\spring-context-7.0.6.jar;C:\Users\Lenovo\.m2\repository\org\thymeleaf\thymeleaf-spring6\3.1.3.RELEASE\thymeleaf-spring6-3.1.3.RELEASE.jar;C:\Users\Lenovo\.m2\repository\org\thymeleaf\thymeleaf\3.1.3.RELEASE\thymeleaf-3.1.3.RELEASE.jar;C:\Users\Lenovo\.m2\repository\org\attoparser\attoparser\2.0.7.RELEASE\attoparser-2.0.7.RELEASE.jar;C:\Users\Lenovo\.m2\repository\org\unbescape\unbescape\1.1.6.RELEASE\unbescape-1.1.6.RELEASE.jar;C:\Users\Lenovo\.m2\repository\org\slf4j\slf4j-api\2.0.17\slf4j-api-2.0.17.jar;C:\Users\Lenovo\.m2\repository\org\springframework\spring-web\7.0.6\spring-web-7.0.6.jar;C:\Users\Lenovo\.m2\repository\org\springframework\spring-beans\7.0.6\spring-beans-7.0.6.jar;C:\Users\Lenovo\.m2\repository\io\micrometer\micrometer-observation\1.16.4\micrometer-observation-1.16.4.jar;C:\Users\Lenovo\.m2\repository\io\micrometer\micrometer-commons\1.16.4\micrometer-commons-1.16.4.jar;C:\Users\Lenovo\.m2\repository\org\springframework\boot\spring-boot-starter-webmvc\4.0.5\spring-boot-starter-webmvc-4.0.5.jar;C:\Users\Lenovo\.m2\repository\org\springframework\boot\spring-boot-starter-jackson\4.0.5\spring-boot-starter-jackson-4.0.5.jar;C:\Users\Lenovo\.m2\repository\org\springframework\boot\spring-boot-jackson\4.0.5\spring-boot-jackson-4.0.5.jar;C:\Users\Lenovo\.m2\repository\tools\jackson\core\jackson-databind\3.1.0\jackson-databind-3.1.0.jar;C:\Users\Lenovo\.m2\repository\com\fasterxml\jackson\core\jackson-annotations\2.21\jackson-annotations-2.21.jar;C:\Users\Lenovo\.m2\repository\tools\jackson\core\jackson-core\3.1.0\jackson-core-3.1.0.jar;C:\Users\Lenovo\.m2\repository\org\springframework\boot\spring-boot-starter-tomcat\4.0.5\spring-boot-starter-tomcat-4.0.5.jar;C:\Users\Lenovo\.m2\repository\org\springframework\boot\spring-boot-starter-tomcat-runtime\4.0.5\spring-boot-starter-tomcat-runtime-4.0.5.jar;C:\Users\Lenovo\.m2\repository\org\apache\tomcat\embed\tomcat-embed-core\11.0.20\tomcat-embed-core-11.0.20.jar;C:\Users\Lenovo\.m2\repository\org\apache\tomcat\embed\tomcat-embed-el\11.0.20\tomcat-embed-el-11.0.20.jar;C:\Users\Lenovo\.m2\repository\org\apache\tomcat\embed\tomcat-embed-websocket\11.0.20\tomcat-embed-websocket-11.0.20.jar;C:\Users\Lenovo\.m2\repository\org\springframework\boot\spring-boot-tomcat\4.0.5\spring-boot-tomcat-4.0.5.jar;C:\Users\Lenovo\.m2\repository\org\springframework\boot\spring-boot-http-converter\4.0.5\spring-boot-http-converter-4.0.5.jar;C:\Users\Lenovo\.m2\repository\org\springframework\boot\spring-boot-webmvc\4.0.5\spring-boot-webmvc-4.0.5.jar;C:\Users\Lenovo\.m2\repository\org\springframework\boot\spring-boot-servlet\4.0.5\spring-boot-servlet-4.0.5.jar;C:\Users\Lenovo\.m2\repository\org\springframework\spring-webmvc\7.0.6\spring-webmvc-7.0.6.jar;C:\Users\Lenovo\.m2\repository\org\springframework\spring-aop\7.0.6\spring-aop-7.0.6.jar;C:\Users\Lenovo\.m2\repository\org\springframework\spring-expression\7.0.6\spring-expression-7.0.6.jar;C:\Users\Lenovo\.m2\repository\org\projectlombok\lombok\1.18.44\lombok-1.18.44.jar;C:\Users\Lenovo\.m2\repository\org\springframework\spring-core\7.0.6\spring-core-7.0.6.jar;C:\Users\Lenovo\.m2\repository\commons-logging\commons-logging\1.3.6\commons-logging-1.3.6.jar;C:\Users\Lenovo\.m2\repository\org\jspecify\jspecify\1.0.0\jspecify-1.0.0.jar;C:\Users\Lenovo\.m2\repository\org\springframework\boot\spring-boot-web-server\4.0.5\spring-boot-web-server-4.0.5.jar
Launcher Type: SUN_STANDARD

[Global flags]
     intx CICompilerCount                          = 4                                         {product} {ergonomic}
     uint ConcGCThreads                            = 3                                         {product} {ergonomic}
     uint G1ConcRefinementThreads                  = 10                                        {product} {ergonomic}
   size_t G1HeapRegionSize                         = 1048576                                   {product} {ergonomic}
   size_t InitialHeapSize                          = 98566144                                  {product} {ergonomic}
   size_t MarkStackSize                            = 4194304                                   {product} {ergonomic}
   size_t MarkStackSizeMax                         = 536870912                                 {product} {ergonomic}
   size_t MaxHeapSize                              = 1570766848                                {product} {ergonomic}
   size_t MaxNewSize                               = 941621248                                 {product} {ergonomic}
   size_t MinHeapDeltaBytes                        = 1048576                                   {product} {ergonomic}
   size_t MinHeapSize                              = 8388608                                   {product} {ergonomic}
    uintx NonNMethodCodeHeapSize                   = 5832704                                {pd product} {ergonomic}
    uintx NonProfiledCodeHeapSize                  = 122945536                              {pd product} {ergonomic}
    uintx ProfiledCodeHeapSize                     = 122880000                              {pd product} {ergonomic}
    uintx ReservedCodeCacheSize                    = 251658240                              {pd product} {ergonomic}
     bool SegmentedCodeCache                       = true                                      {product} {ergonomic}
   size_t SoftMaxHeapSize                          = 1570766848                             {manageable} {ergonomic}
     bool UseCompressedOops                        = true                           {product lp64_product} {ergonomic}
     bool UseG1GC                                  = true                                      {product} {ergonomic}
     bool UseLargePagesIndividualAllocation        = false                                  {pd product} {ergonomic}

Logging:
Log output configuration:
 #0: stdout all=warning uptime,level,tags foldmultilines=false
 #1: stderr all=off uptime,level,tags foldmultilines=false

Release file:
IMPLEMENTOR="Oracle Corporation" 
JAVA_RUNTIME_VERSION="25.0.2+10-LTS-69" 
JAVA_VERSION="25.0.2" 
JAVA_VERSION_DATE="2026-01-20" 
LIBC="default" 
MODULES="java.base java.compiler java.datatransfer java.xml java.prefs java.desktop java.instrument java.logging java.management java.security.sasl java.naming java.rmi java.management.rmi java.net.http java.scripting java.security.jgss java.transaction.xa java.sql java.sql.rowset java.xml.crypto java.se java.smartcardio jdk.accessibility jdk.internal.jvmstat jdk.attach jdk.charsets jdk.internal.opt jdk.zipfs jdk.compiler jdk.crypto.cryptoki jdk.crypto.ec jdk.crypto.mscapi jdk.dynalink jdk.internal.ed jdk.editpad jdk.internal.vm.ci jdk.graal.compiler jdk.graal.compiler.management jdk.hotspot.agent jdk.httpserver jdk.incubator.vector jdk.internal.le jdk.internal.md jdk.jartool jdk.javadoc jdk.jcmd jdk.management jdk.management.agent jdk.jconsole jdk.jdeps jdk.jdwp.agent jdk.jdi jdk.jfr jdk.jlink jdk.jpackage jdk.jshell jdk.jsobject jdk.jstatd jdk.localedata jdk.management.jfr jdk.naming.dns jdk.naming.rmi jdk.net jdk.nio.mapmode jdk.sctp jdk.security.auth jdk.security.jgss jdk.unsupported jdk.unsupported.desktop jdk.xml.dom" 
OS_ARCH="x86_64" 
OS_NAME="Windows" 
SOURCE=".:git:b75efb40c93a open:git:405a5699ebd0" 

Environment Variables:
JAVA_HOME=C:\Program Files\Java\jdk-24
PATH=C:\Program Files\Common Files\Oracle\Java\javapath;C:\Program Files (x86)\Common Files\Oracle\Java\java8path;C:\Program Files (x86)\Common Files\Oracle\Java\javapath;C:\Program Files\Python313\Scripts\;C:\Program Files\Python313\;C:\Windows\system32;C:\Windows;C:\Windows\System32\Wbem;C:\Windows\System32\WindowsPowerShell\v1.0\;C:\Windows\System32\OpenSSH\;C:\Program Files\Microsoft SQL Server\150\Tools\Binn\;C:\php;C:\Program Files\Microsoft SQL Server\Client SDK\ODBC\170\Tools\Binn\;C:\ProgramData\chocolatey\bin;C:\Program Files\Git\cmd;C:\Program Files (x86)\Microsoft SQL Server\160\Tools\Binn\;C:\Program Files\Microsoft SQL Server\160\Tools\Binn\;C:\Program Files\Microsoft SQL Server\160\DTS\Binn\;C:\Program Files (x86)\Microsoft SQL Server\160\DTS\Binn\;C:\Program Files\Azure Data Studio\bin;C:\Program Files\nodejs\;C:\ProgramData\ComposerSetup\bin;C:\Program Files\Docker\Docker\resources\bin;C:\Program Files\MySQL\MySQL Shell 8.0\bin\;C:\Users\Lenovo\AppData\Local\Microsoft\WindowsApps;C:\Users\Lenovo\AppData\Local\Programs\Microsoft VS Code\bin;C:\php;C:\Program Files\Azure Data Studio\bin;C:\Users\Lenovo\AppData\Roaming\npm;C:\Users\Lenovo\AppData\Local\Programs\Antigravity\bin;C:\Users\Lenovo\AppData\Roaming\Composer\vendor\bin;C:\Program Files\JetBrains\IntelliJ IDEA Community Edition 2025.2.6.1\bin
USERNAME=Lenovo
OS=Windows_NT
PROCESSOR_IDENTIFIER=AMD64 Family 25 Model 80 Stepping 0, AuthenticAMD
TMP=C:\Users\Lenovo\AppData\Local\Temp
TEMP=C:\Users\Lenovo\AppData\Local\Temp




Compilation memory statistics disabled.

Periodic native trim disabled

---------------  S Y S T E M  ---------------

OS:
 Windows 11 , 64 bit Build 26100 (10.0.26100.7920)
OS uptime: 11 days 17:50 hours
Hyper-V role detected

CPU: total 12 (initial active 12) (12 cores per cpu, 2 threads per core) family 25 model 80 stepping 0 microcode 0xa500014, cx8, cmov, fxsr, ht, mmx, 3dnowpref, sse, sse2, sse3, ssse3, sse4a, sse4.1, sse4.2, popcnt, lzcnt, tsc, tscinvbit, avx, avx2, aes, erms, clmul, bmi1, bmi2, adx, sha, fma, vzeroupper, clflush, clflushopt, clwb, hv, rdtscp, rdpid, fsrm, f16c, cet_ss
Processor Information for processor 0
  Max Mhz: 2301, Current Mhz: 1798, Mhz Limit: 2301
Processor Information for processor 1
  Max Mhz: 2301, Current Mhz: 1798, Mhz Limit: 2301
Processor Information for processor 2
  Max Mhz: 2301, Current Mhz: 1798, Mhz Limit: 2301
Processor Information for processor 3
  Max Mhz: 2301, Current Mhz: 1798, Mhz Limit: 2301
Processor Information for processor 4
  Max Mhz: 2301, Current Mhz: 1798, Mhz Limit: 2301
Processor Information for processor 5
  Max Mhz: 2301, Current Mhz: 1798, Mhz Limit: 2301
Processor Information for processor 6
  Max Mhz: 2301, Current Mhz: 1798, Mhz Limit: 2301
Processor Information for processor 7
  Max Mhz: 2301, Current Mhz: 1798, Mhz Limit: 2301
Processor Information for processor 8
  Max Mhz: 2301, Current Mhz: 1798, Mhz Limit: 2301
Processor Information for processor 9
  Max Mhz: 2301, Current Mhz: 2301, Mhz Limit: 2301
Processor Information for processor 10
  Max Mhz: 2301, Current Mhz: 1798, Mhz Limit: 2301
Processor Information for processor 11
  Max Mhz: 2301, Current Mhz: 2301, Mhz Limit: 2301

Memory: 4k page, system-wide physical 5987M (691M free)
TotalPageFile size 24419M (AvailPageFile size 234M)
current process WorkingSet (physical memory assigned to process): 153M, peak: 155M
current process commit charge ("private bytes"): 238M, peak: 255M

vm_info: Java HotSpot(TM) 64-Bit Server VM (25.0.2+10-LTS-69) for windows-amd64 JRE (25.0.2+10-LTS-69), built on 2025-12-18T11:36:35Z with MS VC++ 17.13 (VS2022)

END.
